01:02:10 **** Build of configuration Debug for project J3_Receiver ****
make -j8 all 
arm-none-eabi-gcc "../Drivers/STM32F4xx_HAL_Driver/Src/stm32f4xx_hal.c" -mcpu=cortex-m4 -std=gnu11 -g3 -DDEBUG -DUSE_HAL_DRIVER -DSTM32F411xE -c -I../Core/Inc -I../Drivers/STM32F4xx_HAL_Driver/Inc -I../Drivers/STM32F4xx_HAL_Driver/Inc/Legacy -I../Drivers/CMSIS/Device/ST/STM32F4xx/Include -I../Drivers/CMSIS/Include -O0 -ffunction-sections -fdata-sections -Wall -fstack-usage -fcyclomatic-complexity -MMD -MP -MF"Drivers/STM32F4xx_HAL_Driver/Src/stm32f4xx_hal.d" -MT"Drivers/STM32F4xx_HAL_Driver/Src/stm32f4xx_hal.o" --specs=nano.specs -mfpu=fpv4-sp-d16 -mfloat-abi=hard -mthumb -o "Drivers/STM32F4xx_HAL_Driver/Src/stm32f4xx_hal.o"
arm-none-eabi-gcc "../Drivers/STM32F4xx_HAL_Driver/Src/stm32f4xx_hal_cortex.c" -mcpu=cortex-m4 -std=gnu11 -g3 -DDEBUG -DUSE_HAL_DRIVER -DSTM32F411xE -c -I../Core/Inc -I../Drivers/STM32F4xx_HAL_Driver/Inc -I../Drivers/STM32F4xx_HAL_Driver/Inc/Legacy -I../Drivers/CMSIS/Device/ST/STM32F4xx/Include -I../Drivers/CMSIS/Include -O0 -ffunction-sections -fdata-sections -Wall -fstack-usage -fcyclomatic-complexity -MMD -MP -MF"Drivers/STM32F4xx_HAL_Driver/Src/stm32f4xx_hal_cortex.d" -MT"Drivers/STM32F4xx_HAL_Driver/Src/stm32f4xx_hal_cortex.o" --specs=nano.specs -mfpu=fpv4-sp-d16 -mfloat-abi=hard -mthumb -o "Drivers/STM32F4xx_HAL_Driver/Src/stm32f4xx_hal_cortex.o"
arm-none-eabi-gcc "../Drivers/STM32F4xx_HAL_Driver/Src/stm32f4xx_hal_dma.c" -mcpu=cortex-m4 -std=gnu11 -g3 -DDEBUG -DUSE_HAL_DRIVER -DSTM32F411xE -c -I../Core/Inc -I../Drivers/STM32F4xx_HAL_Driver/Inc -I../Drivers/STM32F4xx_HAL_Driver/Inc/Legacy -I../Drivers/CMSIS/Device/ST/STM32F4xx/Include -I../Drivers/CMSIS/Include -O0 -ffunction-sections -fdata-sections -Wall -fstack-usage -fcyclomatic-complexity -MMD -MP -MF"Drivers/STM32F4xx_HAL_Driver/Src/stm32f4xx_hal_dma.d" -MT"Drivers/STM32F4xx_HAL_Driver/Src/stm32f4xx_hal_dma.o" --specs=nano.specs -mfpu=fpv4-sp-d16 -mfloat-abi=hard -mthumb -o "Drivers/STM32F4xx_HAL_Driver/Src/stm32f4xx_hal_dma.o"
arm-none-eabi-gcc "../Drivers/STM32F4xx_HAL_Driver/Src/stm32f4xx_hal_dma_ex.c" -mcpu=cortex-m4 -std=gnu11 -g3 -DDEBUG -DUSE_HAL_DRIVER -DSTM32F411xE -c -I../Core/Inc -I../Drivers/STM32F4xx_HAL_Driver/Inc -I../Drivers/STM32F4xx_HAL_Driver/Inc/Legacy -I../Drivers/CMSIS/Device/ST/STM32F4xx/Include -I../Drivers/CMSIS/Include -O0 -ffunction-sections -fdata-sections -Wall -fstack-usage -fcyclomatic-complexity -MMD -MP -MF"Drivers/STM32F4xx_HAL_Driver/Src/stm32f4xx_hal_dma_ex.d" -MT"Drivers/STM32F4xx_HAL_Driver/Src/stm32f4xx_hal_dma_ex.o" --specs=nano.specs -mfpu=fpv4-sp-d16 -mfloat-abi=hard -mthumb -o "Drivers/STM32F4xx_HAL_Driver/Src/stm32f4xx_hal_dma_ex.o"
arm-none-eabi-gcc "../Drivers/STM32F4xx_HAL_Driver/Src/stm32f4xx_hal_exti.c" -mcpu=cortex-m4 -std=gnu11 -g3 -DDEBUG -DUSE_HAL_DRIVER -DSTM32F411xE -c -I../Core/Inc -I../Drivers/STM32F4xx_HAL_Driver/Inc -I../Drivers/STM32F4xx_HAL_Driver/Inc/Legacy -I../Drivers/CMSIS/Device/ST/STM32F4xx/Include -I../Drivers/CMSIS/Include -O0 -ffunction-sections -fdata-sections -Wall -fstack-usage -fcyclomatic-complexity -MMD -MP -MF"Drivers/STM32F4xx_HAL_Driver/Src/stm32f4xx_hal_exti.d" -MT"Drivers/STM32F4xx_HAL_Driver/Src/stm32f4xx_hal_exti.o" --specs=nano.specs -mfpu=fpv4-sp-d16 -mfloat-abi=hard -mthumb -o "Drivers/STM32F4xx_HAL_Driver/Src/stm32f4xx_hal_exti.o"
arm-none-eabi-gcc "../Drivers/STM32F4xx_HAL_Driver/Src/stm32f4xx_hal_flash.c" -mcpu=cortex-m4 -std=gnu11 -g3 -DDEBUG -DUSE_HAL_DRIVER -DSTM32F411xE -c -I../Core/Inc -I../Drivers/STM32F4xx_HAL_Driver/Inc -I../Drivers/STM32F4xx_HAL_Driver/Inc/Legacy -I../Drivers/CMSIS/Device/ST/STM32F4xx/Include -I../Drivers/CMSIS/Include -O0 -ffunction-sections -fdata-sections -Wall -fstack-usage -fcyclomatic-complexity -MMD -MP -MF"Drivers/STM32F4xx_HAL_Driver/Src/stm32f4xx_hal_flash.d" -MT"Drivers/STM32F4xx_HAL_Driver/Src/stm32f4xx_hal_flash.o" --specs=nano.specs -mfpu=fpv4-sp-d16 -mfloat-abi=hard -mthumb -o "Drivers/STM32F4xx_HAL_Driver/Src/stm32f4xx_hal_flash.o"
arm-none-eabi-gcc "../Drivers/STM32F4xx_HAL_Driver/Src/stm32f4xx_hal_flash_ex.c" -mcpu=cortex-m4 -std=gnu11 -g3 -DDEBUG -DUSE_HAL_DRIVER -DSTM32F411xE -c -I../Core/Inc -I../Drivers/STM32F4xx_HAL_Driver/Inc -I../Drivers/STM32F4xx_HAL_Driver/Inc/Legacy -I../Drivers/CMSIS/Device/ST/STM32F4xx/Include -I../Drivers/CMSIS/Include -O0 -ffunction-sections -fdata-sections -Wall -fstack-usage -fcyclomatic-complexity -MMD -MP -MF"Drivers/STM32F4xx_HAL_Driver/Src/stm32f4xx_hal_flash_ex.d" -MT"Drivers/STM32F4xx_HAL_Driver/Src/stm32f4xx_hal_flash_ex.o" --specs=nano.specs -mfpu=fpv4-sp-d16 -mfloat-abi=hard -mthumb -o "Drivers/STM32F4xx_HAL_Driver/Src/stm32f4xx_hal_flash_ex.o"
arm-none-eabi-gcc "../Drivers/STM32F4xx_HAL_Driver/Src/stm32f4xx_hal_flash_ramfunc.c" -mcpu=cortex-m4 -std=gnu11 -g3 -DDEBUG -DUSE_HAL_DRIVER -DSTM32F411xE -c -I../Core/Inc -I../Drivers/STM32F4xx_HAL_Driver/Inc -I../Drivers/STM32F4xx_HAL_Driver/Inc/Legacy -I../Drivers/CMSIS/Device/ST/STM32F4xx/Include -I../Drivers/CMSIS/Include -O0 -ffunction-sections -fdata-sections -Wall -fstack-usage -fcyclomatic-complexity -MMD -MP -MF"Drivers/STM32F4xx_HAL_Driver/Src/stm32f4xx_hal_flash_ramfunc.d" -MT"Drivers/STM32F4xx_HAL_Driver/Src/stm32f4xx_hal_flash_ramfunc.o" --specs=nano.specs -mfpu=fpv4-sp-d16 -mfloat-abi=hard -mthumb -o "Drivers/STM32F4xx_HAL_Driver/Src/stm32f4xx_hal_flash_ramfunc.o"
arm-none-eabi-gcc "../Drivers/STM32F4xx_HAL_Driver/Src/stm32f4xx_hal_gpio.c" -mcpu=cortex-m4 -std=gnu11 -g3 -DDEBUG -DUSE_HAL_DRIVER -DSTM32F411xE -c -I../Core/Inc -I../Drivers/STM32F4xx_HAL_Driver/Inc -I../Drivers/STM32F4xx_HAL_Driver/Inc/Legacy -I../Drivers/CMSIS/Device/ST/STM32F4xx/Include -I../Drivers/CMSIS/Include -O0 -ffunction-sections -fdata-sections -Wall -fstack-usage -fcyclomatic-complexity -MMD -MP -MF"Drivers/STM32F4xx_HAL_Driver/Src/stm32f4xx_hal_gpio.d" -MT"Drivers/STM32F4xx_HAL_Driver/Src/stm32f4xx_hal_gpio.o" --specs=nano.specs -mfpu=fpv4-sp-d16 -mfloat-abi=hard -mthumb -o "Drivers/STM32F4xx_HAL_Driver/Src/stm32f4xx_hal_gpio.o"
arm-none-eabi-gcc "../Drivers/STM32F4xx_HAL_Driver/Src/stm32f4xx_hal_pwr.c" -mcpu=cortex-m4 -std=gnu11 -g3 -DDEBUG -DUSE_HAL_DRIVER -DSTM32F411xE -c -I../Core/Inc -I../Drivers/STM32F4xx_HAL_Driver/Inc -I../Drivers/STM32F4xx_HAL_Driver/Inc/Legacy -I../Drivers/CMSIS/Device/ST/STM32F4xx/Include -I../Drivers/CMSIS/Include -O0 -ffunction-sections -fdata-sections -Wall -fstack-usage -fcyclomatic-complexity -MMD -MP -MF"Drivers/STM32F4xx_HAL_Driver/Src/stm32f4xx_hal_pwr.d" -MT"Drivers/STM32F4xx_HAL_Driver/Src/stm32f4xx_hal_pwr.o" --specs=nano.specs -mfpu=fpv4-sp-d16 -mfloat-abi=hard -mthumb -o "Drivers/STM32F4xx_HAL_Driver/Src/stm32f4xx_hal_pwr.o"
arm-none-eabi-gcc "../Drivers/STM32F4xx_HAL_Driver/Src/stm32f4xx_hal_pwr_ex.c" -mcpu=cortex-m4 -std=gnu11 -g3 -DDEBUG -DUSE_HAL_DRIVER -DSTM32F411xE -c -I../Core/Inc -I../Drivers/STM32F4xx_HAL_Driver/Inc -I../Drivers/STM32F4xx_HAL_Driver/Inc/Legacy -I../Drivers/CMSIS/Device/ST/STM32F4xx/Include -I../Drivers/CMSIS/Include -O0 -ffunction-sections -fdata-sections -Wall -fstack-usage -fcyclomatic-complexity -MMD -MP -MF"Drivers/STM32F4xx_HAL_Driver/Src/stm32f4xx_hal_pwr_ex.d" -MT"Drivers/STM32F4xx_HAL_Driver/Src/stm32f4xx_hal_pwr_ex.o" --specs=nano.specs -mfpu=fpv4-sp-d16 -mfloat-abi=hard -mthumb -o "Drivers/STM32F4xx_HAL_Driver/Src/stm32f4xx_hal_pwr_ex.o"
arm-none-eabi-gcc "../Drivers/STM32F4xx_HAL_Driver/Src/stm32f4xx_hal_rcc.c" -mcpu=cortex-m4 -std=gnu11 -g3 -DDEBUG -DUSE_HAL_DRIVER -DSTM32F411xE -c -I../Core/Inc -I../Drivers/STM32F4xx_HAL_Driver/Inc -I../Drivers/STM32F4xx_HAL_Driver/Inc/Legacy -I../Drivers/CMSIS/Device/ST/STM32F4xx/Include -I../Drivers/CMSIS/Include -O0 -ffunction-sections -fdata-sections -Wall -fstack-usage -fcyclomatic-complexity -MMD -MP -MF"Drivers/STM32F4xx_HAL_Driver/Src/stm32f4xx_hal_rcc.d" -MT"Drivers/STM32F4xx_HAL_Driver/Src/stm32f4xx_hal_rcc.o" --specs=nano.specs -mfpu=fpv4-sp-d16 -mfloat-abi=hard -mthumb -o "Drivers/STM32F4xx_HAL_Driver/Src/stm32f4xx_hal_rcc.o"
arm-none-eabi-gcc "../Drivers/STM32F4xx_HAL_Driver/Src/stm32f4xx_hal_rcc_ex.c" -mcpu=cortex-m4 -std=gnu11 -g3 -DDEBUG -DUSE_HAL_DRIVER -DSTM32F411xE -c -I../Core/Inc -I../Drivers/STM32F4xx_HAL_Driver/Inc -I../Drivers/STM32F4xx_HAL_Driver/Inc/Legacy -I../Drivers/CMSIS/Device/ST/STM32F4xx/Include -I../Drivers/CMSIS/Include -O0 -ffunction-sections -fdata-sections -Wall -fstack-usage -fcyclomatic-complexity -MMD -MP -MF"Drivers/STM32F4xx_HAL_Driver/Src/stm32f4xx_hal_rcc_ex.d" -MT"Drivers/STM32F4xx_HAL_Driver/Src/stm32f4xx_hal_rcc_ex.o" --specs=nano.specs -mfpu=fpv4-sp-d16 -mfloat-abi=hard -mthumb -o "Drivers/STM32F4xx_HAL_Driver/Src/stm32f4xx_hal_rcc_ex.o"
arm-none-eabi-gcc "../Drivers/STM32F4xx_HAL_Driver/Src/stm32f4xx_hal_tim.c" -mcpu=cortex-m4 -std=gnu11 -g3 -DDEBUG -DUSE_HAL_DRIVER -DSTM32F411xE -c -I../Core/Inc -I../Drivers/STM32F4xx_HAL_Driver/Inc -I../Drivers/STM32F4xx_HAL_Driver/Inc/Legacy -I../Drivers/CMSIS/Device/ST/STM32F4xx/Include -I../Drivers/CMSIS/Include -O0 -ffunction-sections -fdata-sections -Wall -fstack-usage -fcyclomatic-complexity -MMD -MP -MF"Drivers/STM32F4xx_HAL_Driver/Src/stm32f4xx_hal_tim.d" -MT"Drivers/STM32F4xx_HAL_Driver/Src/stm32f4xx_hal_tim.o" --specs=nano.specs -mfpu=fpv4-sp-d16 -mfloat-abi=hard -mthumb -o "Drivers/STM32F4xx_HAL_Driver/Src/stm32f4xx_hal_tim.o"
arm-none-eabi-gcc "../Drivers/STM32F4xx_HAL_Driver/Src/stm32f4xx_hal_tim_ex.c" -mcpu=cortex-m4 -std=gnu11 -g3 -DDEBUG -DUSE_HAL_DRIVER -DSTM32F411xE -c -I../Core/Inc -I../Drivers/STM32F4xx_HAL_Driver/Inc -I../Drivers/STM32F4xx_HAL_Driver/Inc/Legacy -I../Drivers/CMSIS/Device/ST/STM32F4xx/Include -I../Drivers/CMSIS/Include -O0 -ffunction-sections -fdata-sections -Wall -fstack-usage -fcyclomatic-complexity -MMD -MP -MF"Drivers/STM32F4xx_HAL_Driver/Src/stm32f4xx_hal_tim_ex.d" -MT"Drivers/STM32F4xx_HAL_Driver/Src/stm32f4xx_hal_tim_ex.o" --specs=nano.specs -mfpu=fpv4-sp-d16 -mfloat-abi=hard -mthumb -o "Drivers/STM32F4xx_HAL_Driver/Src/stm32f4xx_hal_tim_ex.o"
arm-none-eabi-gcc -mcpu=cortex-m4 -g3 -DDEBUG -c -x assembler-with-cpp -MMD -MP -MF"Core/Startup/startup_stm32f411ceux.d" -MT"Core/Startup/startup_stm32f411ceux.o" --specs=nano.specs -mfpu=fpv4-sp-d16 -mfloat-abi=hard -mthumb -o "Core/Startup/startup_stm32f411ceux.o" "../Core/Startup/startup_stm32f411ceux.s"
arm-none-eabi-gcc "../Core/Src/usr/main_J3_Receiver.c" -mcpu=cortex-m4 -std=gnu11 -g3 -DDEBUG -DUSE_HAL_DRIVER -DSTM32F411xE -c -I../Core/Inc -I../Drivers/STM32F4xx_HAL_Driver/Inc -I../Drivers/STM32F4xx_HAL_Driver/Inc/Legacy -I../Drivers/CMSIS/Device/ST/STM32F4xx/Include -I../Drivers/CMSIS/Include -O0 -ffunction-sections -fdata-sections -Wall -fstack-usage -fcyclomatic-complexity -MMD -MP -MF"Core/Src/usr/main_J3_Receiver.d" -MT"Core/Src/usr/main_J3_Receiver.o" --specs=nano.specs -mfpu=fpv4-sp-d16 -mfloat-abi=hard -mthumb -o "Core/Src/usr/main_J3_Receiver.o"
arm-none-eabi-gcc "../Core/Src/gpio.c" -mcpu=cortex-m4 -std=gnu11 -g3 -DDEBUG -DUSE_HAL_DRIVER -DSTM32F411xE -c -I../Core/Inc -I../Drivers/STM32F4xx_HAL_Driver/Inc -I../Drivers/STM32F4xx_HAL_Driver/Inc/Legacy -I../Drivers/CMSIS/Device/ST/STM32F4xx/Include -I../Drivers/CMSIS/Include -O0 -ffunction-sections -fdata-sections -Wall -fstack-usage -fcyclomatic-complexity -MMD -MP -MF"Core/Src/gpio.d" -MT"Core/Src/gpio.o" --specs=nano.specs -mfpu=fpv4-sp-d16 -mfloat-abi=hard -mthumb -o "Core/Src/gpio.o"
arm-none-eabi-gcc "../Core/Src/main.c" -mcpu=cortex-m4 -std=gnu11 -g3 -DDEBUG -DUSE_HAL_DRIVER -DSTM32F411xE -c -I../Core/Inc -I../Drivers/STM32F4xx_HAL_Driver/Inc -I../Drivers/STM32F4xx_HAL_Driver/Inc/Legacy -I../Drivers/CMSIS/Device/ST/STM32F4xx/Include -I../Drivers/CMSIS/Include -O0 -ffunction-sections -fdata-sections -Wall -fstack-usage -fcyclomatic-complexity -MMD -MP -MF"Core/Src/main.d" -MT"Core/Src/main.o" --specs=nano.specs -mfpu=fpv4-sp-d16 -mfloat-abi=hard -mthumb -o "Core/Src/main.o"
arm-none-eabi-gcc "../Core/Src/stm32f4xx_hal_msp.c" -mcpu=cortex-m4 -std=gnu11 -g3 -DDEBUG -DUSE_HAL_DRIVER -DSTM32F411xE -c -I../Core/Inc -I../Drivers/STM32F4xx_HAL_Driver/Inc -I../Drivers/STM32F4xx_HAL_Driver/Inc/Legacy -I../Drivers/CMSIS/Device/ST/STM32F4xx/Include -I../Drivers/CMSIS/Include -O0 -ffunction-sections -fdata-sections -Wall -fstack-usage -fcyclomatic-complexity -MMD -MP -MF"Core/Src/stm32f4xx_hal_msp.d" -MT"Core/Src/stm32f4xx_hal_msp.o" --specs=nano.specs -mfpu=fpv4-sp-d16 -mfloat-abi=hard -mthumb -o "Core/Src/stm32f4xx_hal_msp.o"
arm-none-eabi-gcc "../Core/Src/stm32f4xx_it.c" -mcpu=cortex-m4 -std=gnu11 -g3 -DDEBUG -DUSE_HAL_DRIVER -DSTM32F411xE -c -I../Core/Inc -I../Drivers/STM32F4xx_HAL_Driver/Inc -I../Drivers/STM32F4xx_HAL_Driver/Inc/Legacy -I../Drivers/CMSIS/Device/ST/STM32F4xx/Include -I../Drivers/CMSIS/Include -O0 -ffunction-sections -fdata-sections -Wall -fstack-usage -fcyclomatic-complexity -MMD -MP -MF"Core/Src/stm32f4xx_it.d" -MT"Core/Src/stm32f4xx_it.o" --specs=nano.specs -mfpu=fpv4-sp-d16 -mfloat-abi=hard -mthumb -o "Core/Src/stm32f4xx_it.o"
arm-none-eabi-gcc "../Core/Src/syscalls.c" -mcpu=cortex-m4 -std=gnu11 -g3 -DDEBUG -DUSE_HAL_DRIVER -DSTM32F411xE -c -I../Core/Inc -I../Drivers/STM32F4xx_HAL_Driver/Inc -I../Drivers/STM32F4xx_HAL_Driver/Inc/Legacy -I../Drivers/CMSIS/Device/ST/STM32F4xx/Include -I../Drivers/CMSIS/Include -O0 -ffunction-sections -fdata-sections -Wall -fstack-usage -fcyclomatic-complexity -MMD -MP -MF"Core/Src/syscalls.d" -MT"Core/Src/syscalls.o" --specs=nano.specs -mfpu=fpv4-sp-d16 -mfloat-abi=hard -mthumb -o "Core/Src/syscalls.o"
arm-none-eabi-gcc "../Core/Src/sysmem.c" -mcpu=cortex-m4 -std=gnu11 -g3 -DDEBUG -DUSE_HAL_DRIVER -DSTM32F411xE -c -I../Core/Inc -I../Drivers/STM32F4xx_HAL_Driver/Inc -I../Drivers/STM32F4xx_HAL_Driver/Inc/Legacy -I../Drivers/CMSIS/Device/ST/STM32F4xx/Include -I../Drivers/CMSIS/Include -O0 -ffunction-sections -fdata-sections -Wall -fstack-usage -fcyclomatic-complexity -MMD -MP -MF"Core/Src/sysmem.d" -MT"Core/Src/sysmem.o" --specs=nano.specs -mfpu=fpv4-sp-d16 -mfloat-abi=hard -mthumb -o "Core/Src/sysmem.o"
arm-none-eabi-gcc "../Core/Src/system_stm32f4xx.c" -mcpu=cortex-m4 -std=gnu11 -g3 -DDEBUG -DUSE_HAL_DRIVER -DSTM32F411xE -c -I../Core/Inc -I../Drivers/STM32F4xx_HAL_Driver/Inc -I../Drivers/STM32F4xx_HAL_Driver/Inc/Legacy -I../Drivers/CMSIS/Device/ST/STM32F4xx/Include -I../Drivers/CMSIS/Include -O0 -ffunction-sections -fdata-sections -Wall -fstack-usage -fcyclomatic-complexity -MMD -MP -MF"Core/Src/system_stm32f4xx.d" -MT"Core/Src/system_stm32f4xx.o" --specs=nano.specs -mfpu=fpv4-sp-d16 -mfloat-abi=hard -mthumb -o "Core/Src/system_stm32f4xx.o"
arm-none-eabi-gcc -o "J3_Receiver.elf" @"objects.list"   -mcpu=cortex-m4 -T"C:\NelsonLima\Projetos\J3_Receiver.git\trunk\CubeIDE\J3_Receiver\STM32F411CEUX_FLASH.ld" --specs=nosys.specs -Wl,-Map="J3_Receiver.map" -Wl,--gc-sections -static --specs=nano.specs -mfpu=fpv4-sp-d16 -mfloat-abi=hard -mthumb -Wl,--start-group -lc -lm -Wl,--end-group
Finished building target: J3_Receiver.elf
 
arm-none-eabi-size   J3_Receiver.elf 
arm-none-eabi-objdump -h -S  J3_Receiver.elf  > "J3_Receiver.list"
   text	   data	    bss	    dec	    hex	filename
   4848	     20	   1572	   6440	   1928	J3_Receiver.elf
Finished building: default.size.stdout
 
Finished building: J3_Receiver.list
 
01:06:03 **** Incremental Build of configuration Debug for project J3_Receiver ****
make -j8 all 
arm-none-eabi-gcc "../Core/Src/usr/main_J3_Receiver.c" -mcpu=cortex-m4 -std=gnu11 -g3 -DDEBUG -DUSE_HAL_DRIVER -DSTM32F411xE -c -I../Core/Inc -I../Drivers/STM32F4xx_HAL_Driver/Inc -I../Drivers/STM32F4xx_HAL_Driver/Inc/Legacy -I../Drivers/CMSIS/Device/ST/STM32F4xx/Include -I../Drivers/CMSIS/Include -O0 -ffunction-sections -fdata-sections -Wall -fstack-usage -fcyclomatic-complexity -MMD -MP -MF"Core/Src/usr/main_J3_Receiver.d" -MT"Core/Src/usr/main_J3_Receiver.o" --specs=nano.specs -mfpu=fpv4-sp-d16 -mfloat-abi=hard -mthumb -o "Core/Src/usr/main_J3_Receiver.o"
arm-none-eabi-gcc "../Core/Src/main.c" -mcpu=cortex-m4 -std=gnu11 -g3 -DDEBUG -DUSE_HAL_DRIVER -DSTM32F411xE -c -I../Core/Inc -I../Drivers/STM32F4xx_HAL_Driver/Inc -I../Drivers/STM32F4xx_HAL_Driver/Inc/Legacy -I../Drivers/CMSIS/Device/ST/STM32F4xx/Include -I../Drivers/CMSIS/Include -O0 -ffunction-sections -fdata-sections -Wall -fstack-usage -fcyclomatic-complexity -MMD -MP -MF"Core/Src/main.d" -MT"Core/Src/main.o" --specs=nano.specs -mfpu=fpv4-sp-d16 -mfloat-abi=hard -mthumb -o "Core/Src/main.o"
../Core/Src/main.c: In function 'main':
../Core/Src/main.c:99:4: warning: implicit declaration of function 'main_j3_receiver' [-Wimplicit-function-declaration]
   99 |    main_j3_receiver();
      |    ^~~~~~~~~~~~~~~~
arm-none-eabi-gcc -o "J3_Receiver.elf" @"objects.list"   -mcpu=cortex-m4 -T"C:\NelsonLima\Projetos\J3_Receiver.git\trunk\CubeIDE\J3_Receiver\STM32F411CEUX_FLASH.ld" --specs=nosys.specs -Wl,-Map="J3_Receiver.map" -Wl,--gc-sections -static --specs=nano.specs -mfpu=fpv4-sp-d16 -mfloat-abi=hard -mthumb -Wl,--start-group -lc -lm -Wl,--end-group
Finished building target: J3_Receiver.elf
 
arm-none-eabi-size   J3_Receiver.elf 
arm-none-eabi-objdump -h -S  J3_Receiver.elf  > "J3_Receiver.list"
   text	   data	    bss	    dec	    hex	filename
   4860	     20	   1572	   6452	   1934	J3_Receiver.elf
Finished building: default.size.stdout
 
Finished building: J3_Receiver.list
 
01:09:21 **** Incremental Build of configuration Debug for project J3_Receiver ****
make -j8 all 
arm-none-eabi-size   J3_Receiver.elf 
   text	   data	    bss	    dec	    hex	filename
   4860	     20	   1572	   6452	   1934	J3_Receiver.elf
Finished building: default.size.stdout
 
01:10:20 **** Incremental Build of configuration Debug for project J3_Receiver ****
make -j8 all 
arm-none-eabi-size   J3_Receiver.elf 
   text	   data	    bss	    dec	    hex	filename
   4860	     20	   1572	   6452	   1934	J3_Receiver.elf
Finished building: default.size.stdout
 
01:10:42 **** Incremental Build of configuration Debug for project J3_Receiver ****
make -j8 all 
arm-none-eabi-size   J3_Receiver.elf 
   text	   data	    bss	    dec	    hex	filename
   4860	     20	   1572	   6452	   1934	J3_Receiver.elf
Finished building: default.size.stdout
 
01:11:25 **** Incremental Build of configuration Debug for project J3_Receiver ****
make -j8 all 
arm-none-eabi-gcc "../Core/Src/main.c" -mcpu=cortex-m4 -std=gnu11 -g3 -DDEBUG -DUSE_HAL_DRIVER -DSTM32F411xE -c -I../Core/Inc -I../Drivers/STM32F4xx_HAL_Driver/Inc -I../Drivers/STM32F4xx_HAL_Driver/Inc/Legacy -I../Drivers/CMSIS/Device/ST/STM32F4xx/Include -I../Drivers/CMSIS/Include -O0 -ffunction-sections -fdata-sections -Wall -fstack-usage -fcyclomatic-complexity -MMD -MP -MF"Core/Src/main.d" -MT"Core/Src/main.o" --specs=nano.specs -mfpu=fpv4-sp-d16 -mfloat-abi=hard -mthumb -o "Core/Src/main.o"
arm-none-eabi-gcc -o "J3_Receiver.elf" @"objects.list"   -mcpu=cortex-m4 -T"C:\NelsonLima\Projetos\J3_Receiver.git\trunk\CubeIDE\J3_Receiver\STM32F411CEUX_FLASH.ld" --specs=nosys.specs -Wl,-Map="J3_Receiver.map" -Wl,--gc-sections -static --specs=nano.specs -mfpu=fpv4-sp-d16 -mfloat-abi=hard -mthumb -Wl,--start-group -lc -lm -Wl,--end-group
Finished building target: J3_Receiver.elf
 
arm-none-eabi-size   J3_Receiver.elf 
arm-none-eabi-objdump -h -S  J3_Receiver.elf  > "J3_Receiver.list"
   text	   data	    bss	    dec	    hex	filename
   4860	     20	   1572	   6452	   1934	J3_Receiver.elf
Finished building: default.size.stdout
 
Finished building: J3_Receiver.list
 
01:39:01 **** Incremental Build of configuration Debug for project J3_Receiver ****
make -j8 all 
arm-none-eabi-size   J3_Receiver.elf 
   text	   data	    bss	    dec	    hex	filename
   4860	     20	   1572	   6452	   1934	J3_Receiver.elf
Finished building: default.size.stdout
 
01:39:22 **** Incremental Build of configuration Debug for project J3_Receiver ****
make -j8 all 
arm-none-eabi-size   J3_Receiver.elf 
   text	   data	    bss	    dec	    hex	filename
   4860	     20	   1572	   6452	   1934	J3_Receiver.elf
Finished building: default.size.stdout
 
01:53:34 **** Incremental Build of configuration Debug for project J3_Receiver ****
make -j8 all 
arm-none-eabi-size   J3_Receiver.elf 
   text	   data	    bss	    dec	    hex	filename
   4860	     20	   1572	   6452	   1934	J3_Receiver.elf
Finished building: default.size.stdout
 
01:53:43 **** Incremental Build of configuration Debug for project J3_Receiver ****
make -j8 all 
arm-none-eabi-size   J3_Receiver.elf 
   text	   data	    bss	    dec	    hex	filename
   4860	     20	   1572	   6452	   1934	J3_Receiver.elf
Finished building: default.size.stdout
 
01:55:26 **** Incremental Build of configuration Debug for project J3_Receiver ****
make -j8 all 
arm-none-eabi-size   J3_Receiver.elf 
   text	   data	    bss	    dec	    hex	filename
   4860	     20	   1572	   6452	   1934	J3_Receiver.elf
Finished building: default.size.stdout
 
01:59:03 **** Incremental Build of configuration Debug for project J3_Receiver ****
make -j8 all 
arm-none-eabi-gcc -o "J3_Receiver.elf" @"objects.list"   -mcpu=cortex-m4 -T"C:\NelsonLima\Projetos\J3_Receiver.git\trunk\CubeIDE\J3_Receiver\STM32F411CEUX_FLASH.ld" --specs=nosys.specs -Wl,-Map="J3_Receiver.map" -Wl,--gc-sections -static --specs=nano.specs -mfpu=fpv4-sp-d16 -mfloat-abi=hard -mthumb -Wl,--start-group -lc -lm -Wl,--end-group
Finished building target: J3_Receiver.elf
 
arm-none-eabi-size   J3_Receiver.elf 
arm-none-eabi-objdump -h -S  J3_Receiver.elf  > "J3_Receiver.list"
arm-none-eabi-objcopy  -O ihex  J3_Receiver.elf  "J3_Receiver.hex"
   text	   data	    bss	    dec	    hex	filename
   4860	     20	   1572	   6452	   1934	J3_Receiver.elf
arm-none-eabi-objcopy  -O binary  J3_Receiver.elf  "J3_Receiver.bin"
Finished building: default.size.stdout
 
Finished building: J3_Receiver.list
 
Finished building: J3_Receiver.hex
Finished building: J3_Receiver.bin
 
 
21:11:22 **** Incremental Build of configuration Debug for project J3_Receiver ****
make -j8 all 
arm-none-eabi-gcc "../Core/Src/usr/main_J3_Receiver.c" -mcpu=cortex-m4 -std=gnu11 -g3 -DDEBUG -DUSE_HAL_DRIVER -DSTM32F411xE -c -I../Core/Inc -I../Drivers/STM32F4xx_HAL_Driver/Inc -I../Drivers/STM32F4xx_HAL_Driver/Inc/Legacy -I../Drivers/CMSIS/Device/ST/STM32F4xx/Include -I../Drivers/CMSIS/Include -O0 -ffunction-sections -fdata-sections -Wall -fstack-usage -fcyclomatic-complexity -MMD -MP -MF"Core/Src/usr/main_J3_Receiver.d" -MT"Core/Src/usr/main_J3_Receiver.o" --specs=nano.specs -mfpu=fpv4-sp-d16 -mfloat-abi=hard -mthumb -o "Core/Src/usr/main_J3_Receiver.o"
arm-none-eabi-gcc "../Core/Src/gpio.c" -mcpu=cortex-m4 -std=gnu11 -g3 -DDEBUG -DUSE_HAL_DRIVER -DSTM32F411xE -c -I../Core/Inc -I../Drivers/STM32F4xx_HAL_Driver/Inc -I../Drivers/STM32F4xx_HAL_Driver/Inc/Legacy -I../Drivers/CMSIS/Device/ST/STM32F4xx/Include -I../Drivers/CMSIS/Include -O0 -ffunction-sections -fdata-sections -Wall -fstack-usage -fcyclomatic-complexity -MMD -MP -MF"Core/Src/gpio.d" -MT"Core/Src/gpio.o" --specs=nano.specs -mfpu=fpv4-sp-d16 -mfloat-abi=hard -mthumb -o "Core/Src/gpio.o"
arm-none-eabi-gcc "../Core/Src/main.c" -mcpu=cortex-m4 -std=gnu11 -g3 -DDEBUG -DUSE_HAL_DRIVER -DSTM32F411xE -c -I../Core/Inc -I../Drivers/STM32F4xx_HAL_Driver/Inc -I../Drivers/STM32F4xx_HAL_Driver/Inc/Legacy -I../Drivers/CMSIS/Device/ST/STM32F4xx/Include -I../Drivers/CMSIS/Include -O0 -ffunction-sections -fdata-sections -Wall -fstack-usage -fcyclomatic-complexity -MMD -MP -MF"Core/Src/main.d" -MT"Core/Src/main.o" --specs=nano.specs -mfpu=fpv4-sp-d16 -mfloat-abi=hard -mthumb -o "Core/Src/main.o"
arm-none-eabi-gcc "../Core/Src/stm32f4xx_hal_msp.c" -mcpu=cortex-m4 -std=gnu11 -g3 -DDEBUG -DUSE_HAL_DRIVER -DSTM32F411xE -c -I../Core/Inc -I../Drivers/STM32F4xx_HAL_Driver/Inc -I../Drivers/STM32F4xx_HAL_Driver/Inc/Legacy -I../Drivers/CMSIS/Device/ST/STM32F4xx/Include -I../Drivers/CMSIS/Include -O0 -ffunction-sections -fdata-sections -Wall -fstack-usage -fcyclomatic-complexity -MMD -MP -MF"Core/Src/stm32f4xx_hal_msp.d" -MT"Core/Src/stm32f4xx_hal_msp.o" --specs=nano.specs -mfpu=fpv4-sp-d16 -mfloat-abi=hard -mthumb -o "Core/Src/stm32f4xx_hal_msp.o"
arm-none-eabi-gcc "../Core/Src/stm32f4xx_it.c" -mcpu=cortex-m4 -std=gnu11 -g3 -DDEBUG -DUSE_HAL_DRIVER -DSTM32F411xE -c -I../Core/Inc -I../Drivers/STM32F4xx_HAL_Driver/Inc -I../Drivers/STM32F4xx_HAL_Driver/Inc/Legacy -I../Drivers/CMSIS/Device/ST/STM32F4xx/Include -I../Drivers/CMSIS/Include -O0 -ffunction-sections -fdata-sections -Wall -fstack-usage -fcyclomatic-complexity -MMD -MP -MF"Core/Src/stm32f4xx_it.d" -MT"Core/Src/stm32f4xx_it.o" --specs=nano.specs -mfpu=fpv4-sp-d16 -mfloat-abi=hard -mthumb -o "Core/Src/stm32f4xx_it.o"
../Core/Src/usr/main_J3_Receiver.c: In function 'main_j3_receiver':
../Core/Src/usr/main_J3_Receiver.c:12:2: warning: implicit declaration of function 'HAL_Delay' [-Wimplicit-function-declaration]
   12 |  HAL_Delay(5000);   /* Delay de 5 segundo, para esperae o decoder iniciar */
      |  ^~~~~~~~~
../Core/Src/usr/main_J3_Receiver.c:15:7: warning: implicit declaration of function 'HAL_GPIO_WritePin' [-Wimplicit-function-declaration]
   15 |       HAL_GPIO_WritePin(BTN_INPUT_GPIO_Port, BTN_INPUT_Pin, GPIO_PIN_RESET);
      |       ^~~~~~~~~~~~~~~~~
../Core/Src/usr/main_J3_Receiver.c:15:25: error: 'BTN_INPUT_GPIO_Port' undeclared (first use in this function)
   15 |       HAL_GPIO_WritePin(BTN_INPUT_GPIO_Port, BTN_INPUT_Pin, GPIO_PIN_RESET);
      |                         ^~~~~~~~~~~~~~~~~~~
../Core/Src/usr/main_J3_Receiver.c:15:25: note: each undeclared identifier is reported only once for each function it appears in
../Core/Src/usr/main_J3_Receiver.c:15:46: error: 'BTN_INPUT_Pin' undeclared (first use in this function)
   15 |       HAL_GPIO_WritePin(BTN_INPUT_GPIO_Port, BTN_INPUT_Pin, GPIO_PIN_RESET);
      |                                              ^~~~~~~~~~~~~
../Core/Src/usr/main_J3_Receiver.c:15:61: error: 'GPIO_PIN_RESET' undeclared (first use in this function)
   15 |       HAL_GPIO_WritePin(BTN_INPUT_GPIO_Port, BTN_INPUT_Pin, GPIO_PIN_RESET);
      |                                                             ^~~~~~~~~~~~~~
../Core/Src/usr/main_J3_Receiver.c:17:61: error: 'GPIO_PIN_SET' undeclared (first use in this function)
   17 |       HAL_GPIO_WritePin(BTN_INPUT_GPIO_Port, BTN_INPUT_Pin, GPIO_PIN_SET);
      |                                                             ^~~~~~~~~~~~
make: *** [Core/Src/usr/subdir.mk:19: Core/Src/usr/main_J3_Receiver.o] Error 1
make: *** Waiting for unfinished jobs....
"make -j8 all" terminated with exit code 2. Build might be incomplete.
21:12:55 **** Incremental Build of configuration Debug for project J3_Receiver ****
make -j8 all 
arm-none-eabi-gcc "../Core/Src/usr/main_J3_Receiver.c" -mcpu=cortex-m4 -std=gnu11 -g3 -DDEBUG -DUSE_HAL_DRIVER -DSTM32F411xE -c -I../Core/Inc -I../Drivers/STM32F4xx_HAL_Driver/Inc -I../Drivers/STM32F4xx_HAL_Driver/Inc/Legacy -I../Drivers/CMSIS/Device/ST/STM32F4xx/Include -I../Drivers/CMSIS/Include -O0 -ffunction-sections -fdata-sections -Wall -fstack-usage -fcyclomatic-complexity -MMD -MP -MF"Core/Src/usr/main_J3_Receiver.d" -MT"Core/Src/usr/main_J3_Receiver.o" --specs=nano.specs -mfpu=fpv4-sp-d16 -mfloat-abi=hard -mthumb -o "Core/Src/usr/main_J3_Receiver.o"
../Core/Src/usr/main_J3_Receiver.c: In function 'main_j3_receiver':
../Core/Src/usr/main_J3_Receiver.c:12:2: warning: implicit declaration of function 'HAL_Delay' [-Wimplicit-function-declaration]
   12 |  HAL_Delay(5000);   /* Delay de 5 segundo, para esperae o decoder iniciar */
      |  ^~~~~~~~~
../Core/Src/usr/main_J3_Receiver.c:15:7: warning: implicit declaration of function 'HAL_GPIO_WritePin' [-Wimplicit-function-declaration]
   15 |       HAL_GPIO_WritePin(BTN_INPUT_GPIO_Port, BTN_INPUT_Pin, GPIO_PIN_RESET);
      |       ^~~~~~~~~~~~~~~~~
../Core/Src/usr/main_J3_Receiver.c:15:25: error: 'BTN_INPUT_GPIO_Port' undeclared (first use in this function)
   15 |       HAL_GPIO_WritePin(BTN_INPUT_GPIO_Port, BTN_INPUT_Pin, GPIO_PIN_RESET);
      |                         ^~~~~~~~~~~~~~~~~~~
../Core/Src/usr/main_J3_Receiver.c:15:25: note: each undeclared identifier is reported only once for each function it appears in
../Core/Src/usr/main_J3_Receiver.c:15:46: error: 'BTN_INPUT_Pin' undeclared (first use in this function)
   15 |       HAL_GPIO_WritePin(BTN_INPUT_GPIO_Port, BTN_INPUT_Pin, GPIO_PIN_RESET);
      |                                              ^~~~~~~~~~~~~
../Core/Src/usr/main_J3_Receiver.c:15:61: error: 'GPIO_PIN_RESET' undeclared (first use in this function)
   15 |       HAL_GPIO_WritePin(BTN_INPUT_GPIO_Port, BTN_INPUT_Pin, GPIO_PIN_RESET);
      |                                                             ^~~~~~~~~~~~~~
../Core/Src/usr/main_J3_Receiver.c:17:61: error: 'GPIO_PIN_SET' undeclared (first use in this function)
   17 |       HAL_GPIO_WritePin(BTN_INPUT_GPIO_Port, BTN_INPUT_Pin, GPIO_PIN_SET);
      |                                                             ^~~~~~~~~~~~
make: *** [Core/Src/usr/subdir.mk:19: Core/Src/usr/main_J3_Receiver.o] Error 1
"make -j8 all" terminated with exit code 2. Build might be incomplete.
21:13:59 **** Incremental Build of configuration Debug for project J3_Receiver ****
make -j8 all 
arm-none-eabi-gcc "../Core/Src/usr/main_J3_Receiver.c" -mcpu=cortex-m4 -std=gnu11 -g3 -DDEBUG -DUSE_HAL_DRIVER -DSTM32F411xE -c -I../Core/Inc -I../Drivers/STM32F4xx_HAL_Driver/Inc -I../Drivers/STM32F4xx_HAL_Driver/Inc/Legacy -I../Drivers/CMSIS/Device/ST/STM32F4xx/Include -I../Drivers/CMSIS/Include -O0 -ffunction-sections -fdata-sections -Wall -fstack-usage -fcyclomatic-complexity -MMD -MP -MF"Core/Src/usr/main_J3_Receiver.d" -MT"Core/Src/usr/main_J3_Receiver.o" --specs=nano.specs -mfpu=fpv4-sp-d16 -mfloat-abi=hard -mthumb -o "Core/Src/usr/main_J3_Receiver.o"
arm-none-eabi-gcc -o "J3_Receiver.elf" @"objects.list"   -mcpu=cortex-m4 -T"C:\NelsonLima\Projetos\J3_Receiver.git\trunk\CubeIDE\J3_Receiver\STM32F411CEUX_FLASH.ld" --specs=nosys.specs -Wl,-Map="J3_Receiver.map" -Wl,--gc-sections -static --specs=nano.specs -mfpu=fpv4-sp-d16 -mfloat-abi=hard -mthumb -Wl,--start-group -lc -lm -Wl,--end-group
Finished building target: J3_Receiver.elf
 
arm-none-eabi-size   J3_Receiver.elf 
arm-none-eabi-objdump -h -S  J3_Receiver.elf  > "J3_Receiver.list"
arm-none-eabi-objcopy  -O ihex  J3_Receiver.elf  "J3_Receiver.hex"
arm-none-eabi-objcopy  -O binary  J3_Receiver.elf  "J3_Receiver.bin"
   text	   data	    bss	    dec	    hex	filename
   5860	     20	   1572	   7452	   1d1c	J3_Receiver.elf
Finished building: default.size.stdout
 
Finished building: J3_Receiver.hex
Finished building: J3_Receiver.bin
 
 
Finished building: J3_Receiver.list
 
21:14:40 **** Incremental Build of configuration Debug for project J3_Receiver ****
make -j8 all 
arm-none-eabi-size   J3_Receiver.elf 
   text	   data	    bss	    dec	    hex	filename
   5860	     20	   1572	   7452	   1d1c	J3_Receiver.elf
Finished building: default.size.stdout
 
21:17:16 **** Incremental Build of configuration Debug for project J3_Receiver ****
make -j8 all 
arm-none-eabi-gcc "../Core/Src/usr/main_J3_Receiver.c" -mcpu=cortex-m4 -std=gnu11 -g3 -DDEBUG -DUSE_HAL_DRIVER -DSTM32F411xE -c -I../Core/Inc -I../Drivers/STM32F4xx_HAL_Driver/Inc -I../Drivers/STM32F4xx_HAL_Driver/Inc/Legacy -I../Drivers/CMSIS/Device/ST/STM32F4xx/Include -I../Drivers/CMSIS/Include -O0 -ffunction-sections -fdata-sections -Wall -fstack-usage -fcyclomatic-complexity -MMD -MP -MF"Core/Src/usr/main_J3_Receiver.d" -MT"Core/Src/usr/main_J3_Receiver.o" --specs=nano.specs -mfpu=fpv4-sp-d16 -mfloat-abi=hard -mthumb -o "Core/Src/usr/main_J3_Receiver.o"
arm-none-eabi-gcc -o "J3_Receiver.elf" @"objects.list"   -mcpu=cortex-m4 -T"C:\NelsonLima\Projetos\J3_Receiver.git\trunk\CubeIDE\J3_Receiver\STM32F411CEUX_FLASH.ld" --specs=nosys.specs -Wl,-Map="J3_Receiver.map" -Wl,--gc-sections -static --specs=nano.specs -mfpu=fpv4-sp-d16 -mfloat-abi=hard -mthumb -Wl,--start-group -lc -lm -Wl,--end-group
Finished building target: J3_Receiver.elf
 
arm-none-eabi-size   J3_Receiver.elf 
arm-none-eabi-objdump -h -S  J3_Receiver.elf  > "J3_Receiver.list"
arm-none-eabi-objcopy  -O ihex  J3_Receiver.elf  "J3_Receiver.hex"
   text	   data	    bss	    dec	    hex	filename
   5860	     20	   1572	   7452	   1d1c	J3_Receiver.elf
arm-none-eabi-objcopy  -O binary  J3_Receiver.elf  "J3_Receiver.bin"
Finished building: default.size.stdout
 
Finished building: J3_Receiver.hex
Finished building: J3_Receiver.bin
 
 
Finished building: J3_Receiver.list
 
22:29:44 **** Incremental Build of configuration Debug for project J3_Receiver ****
make -j8 all 
arm-none-eabi-gcc "../Core/Src/usr/main_J3_Receiver.c" -mcpu=cortex-m4 -std=gnu11 -g3 -DDEBUG -DUSE_HAL_DRIVER -DSTM32F411xE -c -I../Core/Inc -I../Drivers/STM32F4xx_HAL_Driver/Inc -I../Drivers/STM32F4xx_HAL_Driver/Inc/Legacy -I../Drivers/CMSIS/Device/ST/STM32F4xx/Include -I../Drivers/CMSIS/Include -O0 -ffunction-sections -fdata-sections -Wall -fstack-usage -fcyclomatic-complexity -MMD -MP -MF"Core/Src/usr/main_J3_Receiver.d" -MT"Core/Src/usr/main_J3_Receiver.o" --specs=nano.specs -mfpu=fpv4-sp-d16 -mfloat-abi=hard -mthumb -o "Core/Src/usr/main_J3_Receiver.o"
arm-none-eabi-gcc "../Core/Src/main.c" -mcpu=cortex-m4 -std=gnu11 -g3 -DDEBUG -DUSE_HAL_DRIVER -DSTM32F411xE -c -I../Core/Inc -I../Drivers/STM32F4xx_HAL_Driver/Inc -I../Drivers/STM32F4xx_HAL_Driver/Inc/Legacy -I../Drivers/CMSIS/Device/ST/STM32F4xx/Include -I../Drivers/CMSIS/Include -O0 -ffunction-sections -fdata-sections -Wall -fstack-usage -fcyclomatic-complexity -MMD -MP -MF"Core/Src/main.d" -MT"Core/Src/main.o" --specs=nano.specs -mfpu=fpv4-sp-d16 -mfloat-abi=hard -mthumb -o "Core/Src/main.o"
../Core/Src/usr/main_J3_Receiver.c:10:1: error: unknown type name 'receiver_t'
   10 | receiver_t receiver;
      | ^~~~~~~~~~
../Core/Src/usr/main_J3_Receiver.c: In function 'main_j3_receiver':
../Core/Src/usr/main_J3_Receiver.c:19:4: warning: implicit declaration of function 'j3_receiver_ProxSaida' [-Wimplicit-function-declaration]
   19 |    j3_receiver_ProxSaida();
      |    ^~~~~~~~~~~~~~~~~~~~~
../Core/Src/usr/main_J3_Receiver.c: At top level:
../Core/Src/usr/main_J3_Receiver.c:26:6: warning: conflicting types for 'j3_receiver_ProxSaida'
   26 | void j3_receiver_ProxSaida()
      |      ^~~~~~~~~~~~~~~~~~~~~
../Core/Src/usr/main_J3_Receiver.c:19:4: note: previous implicit declaration of 'j3_receiver_ProxSaida' was here
   19 |    j3_receiver_ProxSaida();
      |    ^~~~~~~~~~~~~~~~~~~~~
../Core/Src/usr/main_J3_Receiver.c: In function 'j3_receiver_ProxSaida':
../Core/Src/usr/main_J3_Receiver.c:32:20: error: request for member 'udio_saida' in something not a structure or union
   32 |     switch(receiver.udio_saida)
      |                    ^
../Core/Src/usr/main_J3_Receiver.c:34:12: error: 'rsOptico1' undeclared (first use in this function)
   34 |       case rsOptico1: receiver.udio_saida = rsOptico2; break;
      |            ^~~~~~~~~
../Core/Src/usr/main_J3_Receiver.c:34:12: note: each undeclared identifier is reported only once for each function it appears in
../Core/Src/usr/main_J3_Receiver.c:34:31: error: request for member 'udio_saida' in something not a structure or union
   34 |       case rsOptico1: receiver.udio_saida = rsOptico2; break;
      |                               ^
../Core/Src/usr/main_J3_Receiver.c:34:45: error: 'rsOptico2' undeclared (first use in this function)
   34 |       case rsOptico1: receiver.udio_saida = rsOptico2; break;
      |                                             ^~~~~~~~~
../Core/Src/usr/main_J3_Receiver.c:35:31: error: request for member 'udio_saida' in something not a structure or union
   35 |       case rsOptico2: receiver.udio_saida = rsCoaxial; break;
      |                               ^
../Core/Src/usr/main_J3_Receiver.c:35:45: error: 'rsCoaxial' undeclared (first use in this function)
   35 |       case rsOptico2: receiver.udio_saida = rsCoaxial; break;
      |                                             ^~~~~~~~~
../Core/Src/usr/main_J3_Receiver.c:36:31: error: request for member 'udio_saida' in something not a structure or union
   36 |       case rsCoaxial: receiver.udio_saida = rsAux; break;
      |                               ^
../Core/Src/usr/main_J3_Receiver.c:36:45: error: 'rsAux' undeclared (first use in this function)
   36 |       case rsCoaxial: receiver.udio_saida = rsAux; break;
      |                                             ^~~~~
../Core/Src/usr/main_J3_Receiver.c:37:27: error: request for member 'udio_saida' in something not a structure or union
   37 |       case rsAux: receiver.udio_saida = rsOptico1; break;
      |                           ^
../Core/Src/usr/main_J3_Receiver.c: At top level:
../Core/Src/usr/main_J3_Receiver.c:41:27: error: unknown type name 'receiver_saida_t'
   41 | void j3_receiver_setSaida(receiver_saida_t _saida)
      |                           ^~~~~~~~~~~~~~~~
make: *** [Core/Src/usr/subdir.mk:19: Core/Src/usr/main_J3_Receiver.o] Error 1
make: *** Waiting for unfinished jobs....
"make -j8 all" terminated with exit code 2. Build might be incomplete.
22:30:18 **** Incremental Build of configuration Debug for project J3_Receiver ****
make -j8 all 
arm-none-eabi-gcc "../Core/Src/usr/main_J3_Receiver.c" -mcpu=cortex-m4 -std=gnu11 -g3 -DDEBUG -DUSE_HAL_DRIVER -DSTM32F411xE -c -I../Core/Inc -I../Drivers/STM32F4xx_HAL_Driver/Inc -I../Drivers/STM32F4xx_HAL_Driver/Inc/Legacy -I../Drivers/CMSIS/Device/ST/STM32F4xx/Include -I../Drivers/CMSIS/Include -O0 -ffunction-sections -fdata-sections -Wall -fstack-usage -fcyclomatic-complexity -MMD -MP -MF"Core/Src/usr/main_J3_Receiver.d" -MT"Core/Src/usr/main_J3_Receiver.o" --specs=nano.specs -mfpu=fpv4-sp-d16 -mfloat-abi=hard -mthumb -o "Core/Src/usr/main_J3_Receiver.o"
../Core/Src/usr/main_J3_Receiver.c:10:1: error: unknown type name 'receiver_t'
   10 | receiver_t receiver;
      | ^~~~~~~~~~
../Core/Src/usr/main_J3_Receiver.c: In function 'main_j3_receiver':
../Core/Src/usr/main_J3_Receiver.c:19:4: warning: implicit declaration of function 'j3_receiver_ProxSaida' [-Wimplicit-function-declaration]
   19 |    j3_receiver_ProxSaida();
      |    ^~~~~~~~~~~~~~~~~~~~~
../Core/Src/usr/main_J3_Receiver.c: At top level:
../Core/Src/usr/main_J3_Receiver.c:26:6: warning: conflicting types for 'j3_receiver_ProxSaida'
   26 | void j3_receiver_ProxSaida()
      |      ^~~~~~~~~~~~~~~~~~~~~
../Core/Src/usr/main_J3_Receiver.c:19:4: note: previous implicit declaration of 'j3_receiver_ProxSaida' was here
   19 |    j3_receiver_ProxSaida();
      |    ^~~~~~~~~~~~~~~~~~~~~
../Core/Src/usr/main_J3_Receiver.c: In function 'j3_receiver_ProxSaida':
../Core/Src/usr/main_J3_Receiver.c:32:20: error: request for member 'udio_saida' in something not a structure or union
   32 |     switch(receiver.udio_saida)
      |                    ^
../Core/Src/usr/main_J3_Receiver.c:34:12: error: 'rsOptico1' undeclared (first use in this function)
   34 |       case rsOptico1: receiver.udio_saida = rsOptico2; break;
      |            ^~~~~~~~~
../Core/Src/usr/main_J3_Receiver.c:34:12: note: each undeclared identifier is reported only once for each function it appears in
../Core/Src/usr/main_J3_Receiver.c:34:31: error: request for member 'udio_saida' in something not a structure or union
   34 |       case rsOptico1: receiver.udio_saida = rsOptico2; break;
      |                               ^
../Core/Src/usr/main_J3_Receiver.c:34:45: error: 'rsOptico2' undeclared (first use in this function)
   34 |       case rsOptico1: receiver.udio_saida = rsOptico2; break;
      |                                             ^~~~~~~~~
../Core/Src/usr/main_J3_Receiver.c:35:31: error: request for member 'udio_saida' in something not a structure or union
   35 |       case rsOptico2: receiver.udio_saida = rsCoaxial; break;
      |                               ^
../Core/Src/usr/main_J3_Receiver.c:35:45: error: 'rsCoaxial' undeclared (first use in this function)
   35 |       case rsOptico2: receiver.udio_saida = rsCoaxial; break;
      |                                             ^~~~~~~~~
../Core/Src/usr/main_J3_Receiver.c:36:31: error: request for member 'udio_saida' in something not a structure or union
   36 |       case rsCoaxial: receiver.udio_saida = rsAux; break;
      |                               ^
../Core/Src/usr/main_J3_Receiver.c:36:45: error: 'rsAux' undeclared (first use in this function)
   36 |       case rsCoaxial: receiver.udio_saida = rsAux; break;
      |                                             ^~~~~
../Core/Src/usr/main_J3_Receiver.c:37:27: error: request for member 'udio_saida' in something not a structure or union
   37 |       case rsAux: receiver.udio_saida = rsOptico1; break;
      |                           ^
../Core/Src/usr/main_J3_Receiver.c:40:12: error: expected expression before 'void'
   40 |     return void;
      |            ^~~~
../Core/Src/usr/main_J3_Receiver.c:40:12: warning: 'return' with a value, in function returning void [-Wreturn-type]
../Core/Src/usr/main_J3_Receiver.c:26:6: note: declared here
   26 | void j3_receiver_ProxSaida()
      |      ^~~~~~~~~~~~~~~~~~~~~
../Core/Src/usr/main_J3_Receiver.c: At top level:
../Core/Src/usr/main_J3_Receiver.c:43:27: error: unknown type name 'receiver_saida_t'
   43 | void j3_receiver_setSaida(receiver_saida_t _saida)
      |                           ^~~~~~~~~~~~~~~~
make: *** [Core/Src/usr/subdir.mk:19: Core/Src/usr/main_J3_Receiver.o] Error 1
"make -j8 all" terminated with exit code 2. Build might be incomplete.
22:31:43 **** Incremental Build of configuration Debug for project J3_Receiver ****
make -j8 all 
arm-none-eabi-gcc "../Core/Src/usr/main_J3_Receiver.c" -mcpu=cortex-m4 -std=gnu11 -g3 -DDEBUG -DUSE_HAL_DRIVER -DSTM32F411xE -c -I../Core/Inc -I../Drivers/STM32F4xx_HAL_Driver/Inc -I../Drivers/STM32F4xx_HAL_Driver/Inc/Legacy -I../Drivers/CMSIS/Device/ST/STM32F4xx/Include -I../Drivers/CMSIS/Include -O0 -ffunction-sections -fdata-sections -Wall -fstack-usage -fcyclomatic-complexity -MMD -MP -MF"Core/Src/usr/main_J3_Receiver.d" -MT"Core/Src/usr/main_J3_Receiver.o" --specs=nano.specs -mfpu=fpv4-sp-d16 -mfloat-abi=hard -mthumb -o "Core/Src/usr/main_J3_Receiver.o"
arm-none-eabi-gcc "../Core/Src/main.c" -mcpu=cortex-m4 -std=gnu11 -g3 -DDEBUG -DUSE_HAL_DRIVER -DSTM32F411xE -c -I../Core/Inc -I../Drivers/STM32F4xx_HAL_Driver/Inc -I../Drivers/STM32F4xx_HAL_Driver/Inc/Legacy -I../Drivers/CMSIS/Device/ST/STM32F4xx/Include -I../Drivers/CMSIS/Include -O0 -ffunction-sections -fdata-sections -Wall -fstack-usage -fcyclomatic-complexity -MMD -MP -MF"Core/Src/main.d" -MT"Core/Src/main.o" --specs=nano.specs -mfpu=fpv4-sp-d16 -mfloat-abi=hard -mthumb -o "Core/Src/main.o"
../Core/Src/usr/main_J3_Receiver.c:9:10: fatal error: main_J3_Receiver.h: No such file or directory
    9 | #include "main_J3_Receiver.h"
      |          ^~~~~~~~~~~~~~~~~~~~
compilation terminated.
make: *** [Core/Src/usr/subdir.mk:19: Core/Src/usr/main_J3_Receiver.o] Error 1
make: *** Waiting for unfinished jobs....
"make -j8 all" terminated with exit code 2. Build might be incomplete.
22:32:01 **** Incremental Build of configuration Debug for project J3_Receiver ****
make -j8 all 
arm-none-eabi-gcc "../Core/Src/usr/main_J3_Receiver.c" -mcpu=cortex-m4 -std=gnu11 -g3 -DDEBUG -DUSE_HAL_DRIVER -DSTM32F411xE -c -I../Core/Inc -I../Drivers/STM32F4xx_HAL_Driver/Inc -I../Drivers/STM32F4xx_HAL_Driver/Inc/Legacy -I../Drivers/CMSIS/Device/ST/STM32F4xx/Include -I../Drivers/CMSIS/Include -O0 -ffunction-sections -fdata-sections -Wall -fstack-usage -fcyclomatic-complexity -MMD -MP -MF"Core/Src/usr/main_J3_Receiver.d" -MT"Core/Src/usr/main_J3_Receiver.o" --specs=nano.specs -mfpu=fpv4-sp-d16 -mfloat-abi=hard -mthumb -o "Core/Src/usr/main_J3_Receiver.o"
../Core/Src/usr/main_J3_Receiver.c: In function 'j3_receiver_ProxSaida':
../Core/Src/usr/main_J3_Receiver.c:41:12: error: expected expression before 'void'
   41 |     return void;
      |            ^~~~
../Core/Src/usr/main_J3_Receiver.c:41:12: warning: 'return' with a value, in function returning void [-Wreturn-type]
../Core/Src/usr/main_J3_Receiver.c:27:6: note: declared here
   27 | void j3_receiver_ProxSaida()
      |      ^~~~~~~~~~~~~~~~~~~~~
make: *** [Core/Src/usr/subdir.mk:19: Core/Src/usr/main_J3_Receiver.o] Error 1
"make -j8 all" terminated with exit code 2. Build might be incomplete.
22:32:17 **** Incremental Build of configuration Debug for project J3_Receiver ****
make -j8 all 
arm-none-eabi-gcc "../Core/Src/usr/main_J3_Receiver.c" -mcpu=cortex-m4 -std=gnu11 -g3 -DDEBUG -DUSE_HAL_DRIVER -DSTM32F411xE -c -I../Core/Inc -I../Drivers/STM32F4xx_HAL_Driver/Inc -I../Drivers/STM32F4xx_HAL_Driver/Inc/Legacy -I../Drivers/CMSIS/Device/ST/STM32F4xx/Include -I../Drivers/CMSIS/Include -O0 -ffunction-sections -fdata-sections -Wall -fstack-usage -fcyclomatic-complexity -MMD -MP -MF"Core/Src/usr/main_J3_Receiver.d" -MT"Core/Src/usr/main_J3_Receiver.o" --specs=nano.specs -mfpu=fpv4-sp-d16 -mfloat-abi=hard -mthumb -o "Core/Src/usr/main_J3_Receiver.o"
arm-none-eabi-gcc -o "J3_Receiver.elf" @"objects.list"   -mcpu=cortex-m4 -T"C:\NelsonLima\Projetos\J3_Receiver.git\trunk\CubeIDE\J3_Receiver\STM32F411CEUX_FLASH.ld" --specs=nosys.specs -Wl,-Map="J3_Receiver.map" -Wl,--gc-sections -static --specs=nano.specs -mfpu=fpv4-sp-d16 -mfloat-abi=hard -mthumb -Wl,--start-group -lc -lm -Wl,--end-group
Finished building target: J3_Receiver.elf
 
arm-none-eabi-size   J3_Receiver.elf 
arm-none-eabi-objdump -h -S  J3_Receiver.elf  > "J3_Receiver.list"
arm-none-eabi-objcopy  -O ihex  J3_Receiver.elf  "J3_Receiver.hex"
   text	   data	    bss	    dec	    hex	filename
   5940	     20	   1580	   7540	   1d74	J3_Receiver.elf
arm-none-eabi-objcopy  -O binary  J3_Receiver.elf  "J3_Receiver.bin"
Finished building: default.size.stdout
 
Finished building: J3_Receiver.hex
Finished building: J3_Receiver.bin
 
 
Finished building: J3_Receiver.list
 
22:33:14 **** Incremental Build of configuration Debug for project J3_Receiver ****
make -j8 all 
arm-none-eabi-gcc "../Core/Src/usr/main_J3_Receiver.c" -mcpu=cortex-m4 -std=gnu11 -g3 -DDEBUG -DUSE_HAL_DRIVER -DSTM32F411xE -c -I../Core/Inc -I../Drivers/STM32F4xx_HAL_Driver/Inc -I../Drivers/STM32F4xx_HAL_Driver/Inc/Legacy -I../Drivers/CMSIS/Device/ST/STM32F4xx/Include -I../Drivers/CMSIS/Include -O0 -ffunction-sections -fdata-sections -Wall -fstack-usage -fcyclomatic-complexity -MMD -MP -MF"Core/Src/usr/main_J3_Receiver.d" -MT"Core/Src/usr/main_J3_Receiver.o" --specs=nano.specs -mfpu=fpv4-sp-d16 -mfloat-abi=hard -mthumb -o "Core/Src/usr/main_J3_Receiver.o"
arm-none-eabi-gcc -o "J3_Receiver.elf" @"objects.list"   -mcpu=cortex-m4 -T"C:\NelsonLima\Projetos\J3_Receiver.git\trunk\CubeIDE\J3_Receiver\STM32F411CEUX_FLASH.ld" --specs=nosys.specs -Wl,-Map="J3_Receiver.map" -Wl,--gc-sections -static --specs=nano.specs -mfpu=fpv4-sp-d16 -mfloat-abi=hard -mthumb -Wl,--start-group -lc -lm -Wl,--end-group
Finished building target: J3_Receiver.elf
 
arm-none-eabi-size   J3_Receiver.elf 
arm-none-eabi-objdump -h -S  J3_Receiver.elf  > "J3_Receiver.list"
arm-none-eabi-objcopy  -O ihex  J3_Receiver.elf  "J3_Receiver.hex"
   text	   data	    bss	    dec	    hex	filename
   5936	     20	   1580	   7536	   1d70	J3_Receiver.elf
arm-none-eabi-objcopy  -O binary  J3_Receiver.elf  "J3_Receiver.bin"
Finished building: default.size.stdout
 
Finished building: J3_Receiver.hex
Finished building: J3_Receiver.bin
 
 
Finished building: J3_Receiver.list
 
22:34:13 **** Incremental Build of configuration Debug for project J3_Receiver ****
make -j8 all 
arm-none-eabi-gcc "../Core/Src/usr/main_J3_Receiver.c" -mcpu=cortex-m4 -std=gnu11 -g3 -DDEBUG -DUSE_HAL_DRIVER -DSTM32F411xE -c -I../Core/Inc -I../Drivers/STM32F4xx_HAL_Driver/Inc -I../Drivers/STM32F4xx_HAL_Driver/Inc/Legacy -I../Drivers/CMSIS/Device/ST/STM32F4xx/Include -I../Drivers/CMSIS/Include -O0 -ffunction-sections -fdata-sections -Wall -fstack-usage -fcyclomatic-complexity -MMD -MP -MF"Core/Src/usr/main_J3_Receiver.d" -MT"Core/Src/usr/main_J3_Receiver.o" --specs=nano.specs -mfpu=fpv4-sp-d16 -mfloat-abi=hard -mthumb -o "Core/Src/usr/main_J3_Receiver.o"
arm-none-eabi-gcc -o "J3_Receiver.elf" @"objects.list"   -mcpu=cortex-m4 -T"C:\NelsonLima\Projetos\J3_Receiver.git\trunk\CubeIDE\J3_Receiver\STM32F411CEUX_FLASH.ld" --specs=nosys.specs -Wl,-Map="J3_Receiver.map" -Wl,--gc-sections -static --specs=nano.specs -mfpu=fpv4-sp-d16 -mfloat-abi=hard -mthumb -Wl,--start-group -lc -lm -Wl,--end-group
Finished building target: J3_Receiver.elf
 
arm-none-eabi-size   J3_Receiver.elf 
arm-none-eabi-objdump -h -S  J3_Receiver.elf  > "J3_Receiver.list"
arm-none-eabi-objcopy  -O ihex  J3_Receiver.elf  "J3_Receiver.hex"
   text	   data	    bss	    dec	    hex	filename
   5936	     20	   1580	   7536	   1d70	J3_Receiver.elf
arm-none-eabi-objcopy  -O binary  J3_Receiver.elf  "J3_Receiver.bin"
Finished building: default.size.stdout
 
Finished building: J3_Receiver.hex
Finished building: J3_Receiver.bin
 
 
Finished building: J3_Receiver.list
 
22:34:53 **** Incremental Build of configuration Debug for project J3_Receiver ****
make -j8 all 
arm-none-eabi-gcc "../Core/Src/usr/main_J3_Receiver.c" -mcpu=cortex-m4 -std=gnu11 -g3 -DDEBUG -DUSE_HAL_DRIVER -DSTM32F411xE -c -I../Core/Inc -I../Drivers/STM32F4xx_HAL_Driver/Inc -I../Drivers/STM32F4xx_HAL_Driver/Inc/Legacy -I../Drivers/CMSIS/Device/ST/STM32F4xx/Include -I../Drivers/CMSIS/Include -O0 -ffunction-sections -fdata-sections -Wall -fstack-usage -fcyclomatic-complexity -MMD -MP -MF"Core/Src/usr/main_J3_Receiver.d" -MT"Core/Src/usr/main_J3_Receiver.o" --specs=nano.specs -mfpu=fpv4-sp-d16 -mfloat-abi=hard -mthumb -o "Core/Src/usr/main_J3_Receiver.o"
arm-none-eabi-gcc -o "J3_Receiver.elf" @"objects.list"   -mcpu=cortex-m4 -T"C:\NelsonLima\Projetos\J3_Receiver.git\trunk\CubeIDE\J3_Receiver\STM32F411CEUX_FLASH.ld" --specs=nosys.specs -Wl,-Map="J3_Receiver.map" -Wl,--gc-sections -static --specs=nano.specs -mfpu=fpv4-sp-d16 -mfloat-abi=hard -mthumb -Wl,--start-group -lc -lm -Wl,--end-group
Finished building target: J3_Receiver.elf
 
arm-none-eabi-size   J3_Receiver.elf 
arm-none-eabi-objdump -h -S  J3_Receiver.elf  > "J3_Receiver.list"
arm-none-eabi-objcopy  -O ihex  J3_Receiver.elf  "J3_Receiver.hex"
   text	   data	    bss	    dec	    hex	filename
   5936	     20	   1580	   7536	   1d70	J3_Receiver.elf
arm-none-eabi-objcopy  -O binary  J3_Receiver.elf  "J3_Receiver.bin"
Finished building: default.size.stdout
 
Finished building: J3_Receiver.hex
Finished building: J3_Receiver.bin
 
 
Finished building: J3_Receiver.list
 
22:35:46 **** Incremental Build of configuration Debug for project J3_Receiver ****
make -j8 all 
arm-none-eabi-gcc "../Core/Src/usr/main_J3_Receiver.c" -mcpu=cortex-m4 -std=gnu11 -g3 -DDEBUG -DUSE_HAL_DRIVER -DSTM32F411xE -c -I../Core/Inc -I../Drivers/STM32F4xx_HAL_Driver/Inc -I../Drivers/STM32F4xx_HAL_Driver/Inc/Legacy -I../Drivers/CMSIS/Device/ST/STM32F4xx/Include -I../Drivers/CMSIS/Include -O0 -ffunction-sections -fdata-sections -Wall -fstack-usage -fcyclomatic-complexity -MMD -MP -MF"Core/Src/usr/main_J3_Receiver.d" -MT"Core/Src/usr/main_J3_Receiver.o" --specs=nano.specs -mfpu=fpv4-sp-d16 -mfloat-abi=hard -mthumb -o "Core/Src/usr/main_J3_Receiver.o"
arm-none-eabi-gcc -o "J3_Receiver.elf" @"objects.list"   -mcpu=cortex-m4 -T"C:\NelsonLima\Projetos\J3_Receiver.git\trunk\CubeIDE\J3_Receiver\STM32F411CEUX_FLASH.ld" --specs=nosys.specs -Wl,-Map="J3_Receiver.map" -Wl,--gc-sections -static --specs=nano.specs -mfpu=fpv4-sp-d16 -mfloat-abi=hard -mthumb -Wl,--start-group -lc -lm -Wl,--end-group
Finished building target: J3_Receiver.elf
 
arm-none-eabi-size   J3_Receiver.elf 
arm-none-eabi-objdump -h -S  J3_Receiver.elf  > "J3_Receiver.list"
arm-none-eabi-objcopy  -O ihex  J3_Receiver.elf  "J3_Receiver.hex"
   text	   data	    bss	    dec	    hex	filename
   5992	     20	   1580	   7592	   1da8	J3_Receiver.elf
arm-none-eabi-objcopy  -O binary  J3_Receiver.elf  "J3_Receiver.bin"
Finished building: default.size.stdout
 
Finished building: J3_Receiver.hex
Finished building: J3_Receiver.bin
 
 
Finished building: J3_Receiver.list
 
22:37:54 **** Incremental Build of configuration Debug for project J3_Receiver ****
make -j8 all 
arm-none-eabi-gcc "../Core/Src/usr/main_J3_Receiver.c" -mcpu=cortex-m4 -std=gnu11 -g3 -DDEBUG -DUSE_HAL_DRIVER -DSTM32F411xE -c -I../Core/Inc -I../Drivers/STM32F4xx_HAL_Driver/Inc -I../Drivers/STM32F4xx_HAL_Driver/Inc/Legacy -I../Drivers/CMSIS/Device/ST/STM32F4xx/Include -I../Drivers/CMSIS/Include -O0 -ffunction-sections -fdata-sections -Wall -fstack-usage -fcyclomatic-complexity -MMD -MP -MF"Core/Src/usr/main_J3_Receiver.d" -MT"Core/Src/usr/main_J3_Receiver.o" --specs=nano.specs -mfpu=fpv4-sp-d16 -mfloat-abi=hard -mthumb -o "Core/Src/usr/main_J3_Receiver.o"
arm-none-eabi-gcc -o "J3_Receiver.elf" @"objects.list"   -mcpu=cortex-m4 -T"C:\NelsonLima\Projetos\J3_Receiver.git\trunk\CubeIDE\J3_Receiver\STM32F411CEUX_FLASH.ld" --specs=nosys.specs -Wl,-Map="J3_Receiver.map" -Wl,--gc-sections -static --specs=nano.specs -mfpu=fpv4-sp-d16 -mfloat-abi=hard -mthumb -Wl,--start-group -lc -lm -Wl,--end-group
Finished building target: J3_Receiver.elf
 
arm-none-eabi-size   J3_Receiver.elf 
arm-none-eabi-objdump -h -S  J3_Receiver.elf  > "J3_Receiver.list"
arm-none-eabi-objcopy  -O ihex  J3_Receiver.elf  "J3_Receiver.hex"
   text	   data	    bss	    dec	    hex	filename
   5992	     20	   1580	   7592	   1da8	J3_Receiver.elf
arm-none-eabi-objcopy  -O binary  J3_Receiver.elf  "J3_Receiver.bin"
Finished building: default.size.stdout
 
Finished building: J3_Receiver.hex
Finished building: J3_Receiver.bin
 
 
Finished building: J3_Receiver.list
 
23:23:32 **** Incremental Build of configuration Debug for project J3_Receiver ****
make -j8 all 
arm-none-eabi-gcc "../Drivers/STM32F4xx_HAL_Driver/Src/stm32f4xx_hal.c" -mcpu=cortex-m4 -std=gnu11 -g3 -DDEBUG -DUSE_HAL_DRIVER -DSTM32F411xE -c -I../Core/Inc -I../Drivers/STM32F4xx_HAL_Driver/Inc -I../Drivers/STM32F4xx_HAL_Driver/Inc/Legacy -I../Drivers/CMSIS/Device/ST/STM32F4xx/Include -I../Drivers/CMSIS/Include -O0 -ffunction-sections -fdata-sections -Wall -fstack-usage -fcyclomatic-complexity -MMD -MP -MF"Drivers/STM32F4xx_HAL_Driver/Src/stm32f4xx_hal.d" -MT"Drivers/STM32F4xx_HAL_Driver/Src/stm32f4xx_hal.o" --specs=nano.specs -mfpu=fpv4-sp-d16 -mfloat-abi=hard -mthumb -o "Drivers/STM32F4xx_HAL_Driver/Src/stm32f4xx_hal.o"
arm-none-eabi-gcc "../Drivers/STM32F4xx_HAL_Driver/Src/stm32f4xx_hal_cortex.c" -mcpu=cortex-m4 -std=gnu11 -g3 -DDEBUG -DUSE_HAL_DRIVER -DSTM32F411xE -c -I../Core/Inc -I../Drivers/STM32F4xx_HAL_Driver/Inc -I../Drivers/STM32F4xx_HAL_Driver/Inc/Legacy -I../Drivers/CMSIS/Device/ST/STM32F4xx/Include -I../Drivers/CMSIS/Include -O0 -ffunction-sections -fdata-sections -Wall -fstack-usage -fcyclomatic-complexity -MMD -MP -MF"Drivers/STM32F4xx_HAL_Driver/Src/stm32f4xx_hal_cortex.d" -MT"Drivers/STM32F4xx_HAL_Driver/Src/stm32f4xx_hal_cortex.o" --specs=nano.specs -mfpu=fpv4-sp-d16 -mfloat-abi=hard -mthumb -o "Drivers/STM32F4xx_HAL_Driver/Src/stm32f4xx_hal_cortex.o"
arm-none-eabi-gcc "../Drivers/STM32F4xx_HAL_Driver/Src/stm32f4xx_hal_dma.c" -mcpu=cortex-m4 -std=gnu11 -g3 -DDEBUG -DUSE_HAL_DRIVER -DSTM32F411xE -c -I../Core/Inc -I../Drivers/STM32F4xx_HAL_Driver/Inc -I../Drivers/STM32F4xx_HAL_Driver/Inc/Legacy -I../Drivers/CMSIS/Device/ST/STM32F4xx/Include -I../Drivers/CMSIS/Include -O0 -ffunction-sections -fdata-sections -Wall -fstack-usage -fcyclomatic-complexity -MMD -MP -MF"Drivers/STM32F4xx_HAL_Driver/Src/stm32f4xx_hal_dma.d" -MT"Drivers/STM32F4xx_HAL_Driver/Src/stm32f4xx_hal_dma.o" --specs=nano.specs -mfpu=fpv4-sp-d16 -mfloat-abi=hard -mthumb -o "Drivers/STM32F4xx_HAL_Driver/Src/stm32f4xx_hal_dma.o"
arm-none-eabi-gcc "../Drivers/STM32F4xx_HAL_Driver/Src/stm32f4xx_hal_dma_ex.c" -mcpu=cortex-m4 -std=gnu11 -g3 -DDEBUG -DUSE_HAL_DRIVER -DSTM32F411xE -c -I../Core/Inc -I../Drivers/STM32F4xx_HAL_Driver/Inc -I../Drivers/STM32F4xx_HAL_Driver/Inc/Legacy -I../Drivers/CMSIS/Device/ST/STM32F4xx/Include -I../Drivers/CMSIS/Include -O0 -ffunction-sections -fdata-sections -Wall -fstack-usage -fcyclomatic-complexity -MMD -MP -MF"Drivers/STM32F4xx_HAL_Driver/Src/stm32f4xx_hal_dma_ex.d" -MT"Drivers/STM32F4xx_HAL_Driver/Src/stm32f4xx_hal_dma_ex.o" --specs=nano.specs -mfpu=fpv4-sp-d16 -mfloat-abi=hard -mthumb -o "Drivers/STM32F4xx_HAL_Driver/Src/stm32f4xx_hal_dma_ex.o"
arm-none-eabi-gcc "../Drivers/STM32F4xx_HAL_Driver/Src/stm32f4xx_hal_exti.c" -mcpu=cortex-m4 -std=gnu11 -g3 -DDEBUG -DUSE_HAL_DRIVER -DSTM32F411xE -c -I../Core/Inc -I../Drivers/STM32F4xx_HAL_Driver/Inc -I../Drivers/STM32F4xx_HAL_Driver/Inc/Legacy -I../Drivers/CMSIS/Device/ST/STM32F4xx/Include -I../Drivers/CMSIS/Include -O0 -ffunction-sections -fdata-sections -Wall -fstack-usage -fcyclomatic-complexity -MMD -MP -MF"Drivers/STM32F4xx_HAL_Driver/Src/stm32f4xx_hal_exti.d" -MT"Drivers/STM32F4xx_HAL_Driver/Src/stm32f4xx_hal_exti.o" --specs=nano.specs -mfpu=fpv4-sp-d16 -mfloat-abi=hard -mthumb -o "Drivers/STM32F4xx_HAL_Driver/Src/stm32f4xx_hal_exti.o"
arm-none-eabi-gcc "../Drivers/STM32F4xx_HAL_Driver/Src/stm32f4xx_hal_flash.c" -mcpu=cortex-m4 -std=gnu11 -g3 -DDEBUG -DUSE_HAL_DRIVER -DSTM32F411xE -c -I../Core/Inc -I../Drivers/STM32F4xx_HAL_Driver/Inc -I../Drivers/STM32F4xx_HAL_Driver/Inc/Legacy -I../Drivers/CMSIS/Device/ST/STM32F4xx/Include -I../Drivers/CMSIS/Include -O0 -ffunction-sections -fdata-sections -Wall -fstack-usage -fcyclomatic-complexity -MMD -MP -MF"Drivers/STM32F4xx_HAL_Driver/Src/stm32f4xx_hal_flash.d" -MT"Drivers/STM32F4xx_HAL_Driver/Src/stm32f4xx_hal_flash.o" --specs=nano.specs -mfpu=fpv4-sp-d16 -mfloat-abi=hard -mthumb -o "Drivers/STM32F4xx_HAL_Driver/Src/stm32f4xx_hal_flash.o"
arm-none-eabi-gcc "../Drivers/STM32F4xx_HAL_Driver/Src/stm32f4xx_hal_flash_ex.c" -mcpu=cortex-m4 -std=gnu11 -g3 -DDEBUG -DUSE_HAL_DRIVER -DSTM32F411xE -c -I../Core/Inc -I../Drivers/STM32F4xx_HAL_Driver/Inc -I../Drivers/STM32F4xx_HAL_Driver/Inc/Legacy -I../Drivers/CMSIS/Device/ST/STM32F4xx/Include -I../Drivers/CMSIS/Include -O0 -ffunction-sections -fdata-sections -Wall -fstack-usage -fcyclomatic-complexity -MMD -MP -MF"Drivers/STM32F4xx_HAL_Driver/Src/stm32f4xx_hal_flash_ex.d" -MT"Drivers/STM32F4xx_HAL_Driver/Src/stm32f4xx_hal_flash_ex.o" --specs=nano.specs -mfpu=fpv4-sp-d16 -mfloat-abi=hard -mthumb -o "Drivers/STM32F4xx_HAL_Driver/Src/stm32f4xx_hal_flash_ex.o"
arm-none-eabi-gcc "../Drivers/STM32F4xx_HAL_Driver/Src/stm32f4xx_hal_flash_ramfunc.c" -mcpu=cortex-m4 -std=gnu11 -g3 -DDEBUG -DUSE_HAL_DRIVER -DSTM32F411xE -c -I../Core/Inc -I../Drivers/STM32F4xx_HAL_Driver/Inc -I../Drivers/STM32F4xx_HAL_Driver/Inc/Legacy -I../Drivers/CMSIS/Device/ST/STM32F4xx/Include -I../Drivers/CMSIS/Include -O0 -ffunction-sections -fdata-sections -Wall -fstack-usage -fcyclomatic-complexity -MMD -MP -MF"Drivers/STM32F4xx_HAL_Driver/Src/stm32f4xx_hal_flash_ramfunc.d" -MT"Drivers/STM32F4xx_HAL_Driver/Src/stm32f4xx_hal_flash_ramfunc.o" --specs=nano.specs -mfpu=fpv4-sp-d16 -mfloat-abi=hard -mthumb -o "Drivers/STM32F4xx_HAL_Driver/Src/stm32f4xx_hal_flash_ramfunc.o"
arm-none-eabi-gcc "../Drivers/STM32F4xx_HAL_Driver/Src/stm32f4xx_hal_gpio.c" -mcpu=cortex-m4 -std=gnu11 -g3 -DDEBUG -DUSE_HAL_DRIVER -DSTM32F411xE -c -I../Core/Inc -I../Drivers/STM32F4xx_HAL_Driver/Inc -I../Drivers/STM32F4xx_HAL_Driver/Inc/Legacy -I../Drivers/CMSIS/Device/ST/STM32F4xx/Include -I../Drivers/CMSIS/Include -O0 -ffunction-sections -fdata-sections -Wall -fstack-usage -fcyclomatic-complexity -MMD -MP -MF"Drivers/STM32F4xx_HAL_Driver/Src/stm32f4xx_hal_gpio.d" -MT"Drivers/STM32F4xx_HAL_Driver/Src/stm32f4xx_hal_gpio.o" --specs=nano.specs -mfpu=fpv4-sp-d16 -mfloat-abi=hard -mthumb -o "Drivers/STM32F4xx_HAL_Driver/Src/stm32f4xx_hal_gpio.o"
arm-none-eabi-gcc "../Drivers/STM32F4xx_HAL_Driver/Src/stm32f4xx_hal_pwr.c" -mcpu=cortex-m4 -std=gnu11 -g3 -DDEBUG -DUSE_HAL_DRIVER -DSTM32F411xE -c -I../Core/Inc -I../Drivers/STM32F4xx_HAL_Driver/Inc -I../Drivers/STM32F4xx_HAL_Driver/Inc/Legacy -I../Drivers/CMSIS/Device/ST/STM32F4xx/Include -I../Drivers/CMSIS/Include -O0 -ffunction-sections -fdata-sections -Wall -fstack-usage -fcyclomatic-complexity -MMD -MP -MF"Drivers/STM32F4xx_HAL_Driver/Src/stm32f4xx_hal_pwr.d" -MT"Drivers/STM32F4xx_HAL_Driver/Src/stm32f4xx_hal_pwr.o" --specs=nano.specs -mfpu=fpv4-sp-d16 -mfloat-abi=hard -mthumb -o "Drivers/STM32F4xx_HAL_Driver/Src/stm32f4xx_hal_pwr.o"
arm-none-eabi-gcc "../Drivers/STM32F4xx_HAL_Driver/Src/stm32f4xx_hal_pwr_ex.c" -mcpu=cortex-m4 -std=gnu11 -g3 -DDEBUG -DUSE_HAL_DRIVER -DSTM32F411xE -c -I../Core/Inc -I../Drivers/STM32F4xx_HAL_Driver/Inc -I../Drivers/STM32F4xx_HAL_Driver/Inc/Legacy -I../Drivers/CMSIS/Device/ST/STM32F4xx/Include -I../Drivers/CMSIS/Include -O0 -ffunction-sections -fdata-sections -Wall -fstack-usage -fcyclomatic-complexity -MMD -MP -MF"Drivers/STM32F4xx_HAL_Driver/Src/stm32f4xx_hal_pwr_ex.d" -MT"Drivers/STM32F4xx_HAL_Driver/Src/stm32f4xx_hal_pwr_ex.o" --specs=nano.specs -mfpu=fpv4-sp-d16 -mfloat-abi=hard -mthumb -o "Drivers/STM32F4xx_HAL_Driver/Src/stm32f4xx_hal_pwr_ex.o"
arm-none-eabi-gcc "../Drivers/STM32F4xx_HAL_Driver/Src/stm32f4xx_hal_rcc.c" -mcpu=cortex-m4 -std=gnu11 -g3 -DDEBUG -DUSE_HAL_DRIVER -DSTM32F411xE -c -I../Core/Inc -I../Drivers/STM32F4xx_HAL_Driver/Inc -I../Drivers/STM32F4xx_HAL_Driver/Inc/Legacy -I../Drivers/CMSIS/Device/ST/STM32F4xx/Include -I../Drivers/CMSIS/Include -O0 -ffunction-sections -fdata-sections -Wall -fstack-usage -fcyclomatic-complexity -MMD -MP -MF"Drivers/STM32F4xx_HAL_Driver/Src/stm32f4xx_hal_rcc.d" -MT"Drivers/STM32F4xx_HAL_Driver/Src/stm32f4xx_hal_rcc.o" --specs=nano.specs -mfpu=fpv4-sp-d16 -mfloat-abi=hard -mthumb -o "Drivers/STM32F4xx_HAL_Driver/Src/stm32f4xx_hal_rcc.o"
arm-none-eabi-gcc "../Drivers/STM32F4xx_HAL_Driver/Src/stm32f4xx_hal_rcc_ex.c" -mcpu=cortex-m4 -std=gnu11 -g3 -DDEBUG -DUSE_HAL_DRIVER -DSTM32F411xE -c -I../Core/Inc -I../Drivers/STM32F4xx_HAL_Driver/Inc -I../Drivers/STM32F4xx_HAL_Driver/Inc/Legacy -I../Drivers/CMSIS/Device/ST/STM32F4xx/Include -I../Drivers/CMSIS/Include -O0 -ffunction-sections -fdata-sections -Wall -fstack-usage -fcyclomatic-complexity -MMD -MP -MF"Drivers/STM32F4xx_HAL_Driver/Src/stm32f4xx_hal_rcc_ex.d" -MT"Drivers/STM32F4xx_HAL_Driver/Src/stm32f4xx_hal_rcc_ex.o" --specs=nano.specs -mfpu=fpv4-sp-d16 -mfloat-abi=hard -mthumb -o "Drivers/STM32F4xx_HAL_Driver/Src/stm32f4xx_hal_rcc_ex.o"
arm-none-eabi-gcc "../Drivers/STM32F4xx_HAL_Driver/Src/stm32f4xx_hal_tim.c" -mcpu=cortex-m4 -std=gnu11 -g3 -DDEBUG -DUSE_HAL_DRIVER -DSTM32F411xE -c -I../Core/Inc -I../Drivers/STM32F4xx_HAL_Driver/Inc -I../Drivers/STM32F4xx_HAL_Driver/Inc/Legacy -I../Drivers/CMSIS/Device/ST/STM32F4xx/Include -I../Drivers/CMSIS/Include -O0 -ffunction-sections -fdata-sections -Wall -fstack-usage -fcyclomatic-complexity -MMD -MP -MF"Drivers/STM32F4xx_HAL_Driver/Src/stm32f4xx_hal_tim.d" -MT"Drivers/STM32F4xx_HAL_Driver/Src/stm32f4xx_hal_tim.o" --specs=nano.specs -mfpu=fpv4-sp-d16 -mfloat-abi=hard -mthumb -o "Drivers/STM32F4xx_HAL_Driver/Src/stm32f4xx_hal_tim.o"
arm-none-eabi-gcc "../Drivers/STM32F4xx_HAL_Driver/Src/stm32f4xx_hal_tim_ex.c" -mcpu=cortex-m4 -std=gnu11 -g3 -DDEBUG -DUSE_HAL_DRIVER -DSTM32F411xE -c -I../Core/Inc -I../Drivers/STM32F4xx_HAL_Driver/Inc -I../Drivers/STM32F4xx_HAL_Driver/Inc/Legacy -I../Drivers/CMSIS/Device/ST/STM32F4xx/Include -I../Drivers/CMSIS/Include -O0 -ffunction-sections -fdata-sections -Wall -fstack-usage -fcyclomatic-complexity -MMD -MP -MF"Drivers/STM32F4xx_HAL_Driver/Src/stm32f4xx_hal_tim_ex.d" -MT"Drivers/STM32F4xx_HAL_Driver/Src/stm32f4xx_hal_tim_ex.o" --specs=nano.specs -mfpu=fpv4-sp-d16 -mfloat-abi=hard -mthumb -o "Drivers/STM32F4xx_HAL_Driver/Src/stm32f4xx_hal_tim_ex.o"
arm-none-eabi-gcc -mcpu=cortex-m4 -g3 -DDEBUG -c -x assembler-with-cpp -MMD -MP -MF"Core/Startup/startup_stm32f411ceux.d" -MT"Core/Startup/startup_stm32f411ceux.o" --specs=nano.specs -mfpu=fpv4-sp-d16 -mfloat-abi=hard -mthumb -o "Core/Startup/startup_stm32f411ceux.o" "../Core/Startup/startup_stm32f411ceux.s"
arm-none-eabi-gcc "../Core/Src/usr/main_J3_Receiver.c" -mcpu=cortex-m4 -std=gnu11 -g3 -DDEBUG -DUSE_HAL_DRIVER -DSTM32F411xE -c -I../Core/Inc -I../Drivers/STM32F4xx_HAL_Driver/Inc -I../Drivers/STM32F4xx_HAL_Driver/Inc/Legacy -I../Drivers/CMSIS/Device/ST/STM32F4xx/Include -I../Drivers/CMSIS/Include -O0 -ffunction-sections -fdata-sections -Wall -fstack-usage -fcyclomatic-complexity -MMD -MP -MF"Core/Src/usr/main_J3_Receiver.d" -MT"Core/Src/usr/main_J3_Receiver.o" --specs=nano.specs -mfpu=fpv4-sp-d16 -mfloat-abi=hard -mthumb -o "Core/Src/usr/main_J3_Receiver.o"
arm-none-eabi-gcc "../Core/Src/usr/tEnconder.c" -mcpu=cortex-m4 -std=gnu11 -g3 -DDEBUG -DUSE_HAL_DRIVER -DSTM32F411xE -c -I../Core/Inc -I../Drivers/STM32F4xx_HAL_Driver/Inc -I../Drivers/STM32F4xx_HAL_Driver/Inc/Legacy -I../Drivers/CMSIS/Device/ST/STM32F4xx/Include -I../Drivers/CMSIS/Include -O0 -ffunction-sections -fdata-sections -Wall -fstack-usage -fcyclomatic-complexity -MMD -MP -MF"Core/Src/usr/tEnconder.d" -MT"Core/Src/usr/tEnconder.o" --specs=nano.specs -mfpu=fpv4-sp-d16 -mfloat-abi=hard -mthumb -o "Core/Src/usr/tEnconder.o"
arm-none-eabi-gcc "../Core/Src/gpio.c" -mcpu=cortex-m4 -std=gnu11 -g3 -DDEBUG -DUSE_HAL_DRIVER -DSTM32F411xE -c -I../Core/Inc -I../Drivers/STM32F4xx_HAL_Driver/Inc -I../Drivers/STM32F4xx_HAL_Driver/Inc/Legacy -I../Drivers/CMSIS/Device/ST/STM32F4xx/Include -I../Drivers/CMSIS/Include -O0 -ffunction-sections -fdata-sections -Wall -fstack-usage -fcyclomatic-complexity -MMD -MP -MF"Core/Src/gpio.d" -MT"Core/Src/gpio.o" --specs=nano.specs -mfpu=fpv4-sp-d16 -mfloat-abi=hard -mthumb -o "Core/Src/gpio.o"
arm-none-eabi-gcc "../Core/Src/main.c" -mcpu=cortex-m4 -std=gnu11 -g3 -DDEBUG -DUSE_HAL_DRIVER -DSTM32F411xE -c -I../Core/Inc -I../Drivers/STM32F4xx_HAL_Driver/Inc -I../Drivers/STM32F4xx_HAL_Driver/Inc/Legacy -I../Drivers/CMSIS/Device/ST/STM32F4xx/Include -I../Drivers/CMSIS/Include -O0 -ffunction-sections -fdata-sections -Wall -fstack-usage -fcyclomatic-complexity -MMD -MP -MF"Core/Src/main.d" -MT"Core/Src/main.o" --specs=nano.specs -mfpu=fpv4-sp-d16 -mfloat-abi=hard -mthumb -o "Core/Src/main.o"
arm-none-eabi-gcc "../Core/Src/stm32f4xx_hal_msp.c" -mcpu=cortex-m4 -std=gnu11 -g3 -DDEBUG -DUSE_HAL_DRIVER -DSTM32F411xE -c -I../Core/Inc -I../Drivers/STM32F4xx_HAL_Driver/Inc -I../Drivers/STM32F4xx_HAL_Driver/Inc/Legacy -I../Drivers/CMSIS/Device/ST/STM32F4xx/Include -I../Drivers/CMSIS/Include -O0 -ffunction-sections -fdata-sections -Wall -fstack-usage -fcyclomatic-complexity -MMD -MP -MF"Core/Src/stm32f4xx_hal_msp.d" -MT"Core/Src/stm32f4xx_hal_msp.o" --specs=nano.specs -mfpu=fpv4-sp-d16 -mfloat-abi=hard -mthumb -o "Core/Src/stm32f4xx_hal_msp.o"
arm-none-eabi-gcc "../Core/Src/stm32f4xx_it.c" -mcpu=cortex-m4 -std=gnu11 -g3 -DDEBUG -DUSE_HAL_DRIVER -DSTM32F411xE -c -I../Core/Inc -I../Drivers/STM32F4xx_HAL_Driver/Inc -I../Drivers/STM32F4xx_HAL_Driver/Inc/Legacy -I../Drivers/CMSIS/Device/ST/STM32F4xx/Include -I../Drivers/CMSIS/Include -O0 -ffunction-sections -fdata-sections -Wall -fstack-usage -fcyclomatic-complexity -MMD -MP -MF"Core/Src/stm32f4xx_it.d" -MT"Core/Src/stm32f4xx_it.o" --specs=nano.specs -mfpu=fpv4-sp-d16 -mfloat-abi=hard -mthumb -o "Core/Src/stm32f4xx_it.o"
arm-none-eabi-gcc "../Core/Src/syscalls.c" -mcpu=cortex-m4 -std=gnu11 -g3 -DDEBUG -DUSE_HAL_DRIVER -DSTM32F411xE -c -I../Core/Inc -I../Drivers/STM32F4xx_HAL_Driver/Inc -I../Drivers/STM32F4xx_HAL_Driver/Inc/Legacy -I../Drivers/CMSIS/Device/ST/STM32F4xx/Include -I../Drivers/CMSIS/Include -O0 -ffunction-sections -fdata-sections -Wall -fstack-usage -fcyclomatic-complexity -MMD -MP -MF"Core/Src/syscalls.d" -MT"Core/Src/syscalls.o" --specs=nano.specs -mfpu=fpv4-sp-d16 -mfloat-abi=hard -mthumb -o "Core/Src/syscalls.o"
arm-none-eabi-gcc "../Core/Src/sysmem.c" -mcpu=cortex-m4 -std=gnu11 -g3 -DDEBUG -DUSE_HAL_DRIVER -DSTM32F411xE -c -I../Core/Inc -I../Drivers/STM32F4xx_HAL_Driver/Inc -I../Drivers/STM32F4xx_HAL_Driver/Inc/Legacy -I../Drivers/CMSIS/Device/ST/STM32F4xx/Include -I../Drivers/CMSIS/Include -O0 -ffunction-sections -fdata-sections -Wall -fstack-usage -fcyclomatic-complexity -MMD -MP -MF"Core/Src/sysmem.d" -MT"Core/Src/sysmem.o" --specs=nano.specs -mfpu=fpv4-sp-d16 -mfloat-abi=hard -mthumb -o "Core/Src/sysmem.o"
../Core/Src/usr/tEnconder.c:8:1: error: unknown type name 'int16_t'
    8 | int16_t tEnconder_getValor(enconder_t *_encoder)
      | ^~~~~~~
../Core/Src/usr/tEnconder.c:1:1: note: 'int16_t' is defined in header '<stdint.h>'; did you forget to '#include <stdint.h>'?
  +++ |+#include <stdint.h>
    1 | /*
../Core/Src/usr/tEnconder.c:8:28: error: unknown type name 'enconder_t'
    8 | int16_t tEnconder_getValor(enconder_t *_encoder)
      |                            ^~~~~~~~~~
../Core/Src/usr/tEnconder.c:13:25: error: unknown type name 'enconder_t'
   13 | void tEnconder_setValor(enconder_t *_encoder, int16_t _valor)
      |                         ^~~~~~~~~~
../Core/Src/usr/tEnconder.c:13:47: error: unknown type name 'int16_t'
   13 | void tEnconder_setValor(enconder_t *_encoder, int16_t _valor)
      |                                               ^~~~~~~
../Core/Src/usr/tEnconder.c:13:47: note: 'int16_t' is defined in header '<stdint.h>'; did you forget to '#include <stdint.h>'?
make: *** [Core/Src/usr/subdir.mk:22: Core/Src/usr/tEnconder.o] Error 1
make: *** Waiting for unfinished jobs....
"make -j8 all" terminated with exit code 2. Build might be incomplete.
23:45:16 **** Incremental Build of configuration Debug for project J3_Receiver ****
make -j8 all 
arm-none-eabi-gcc "../Core/Src/usr/J3_tReceiver.c" -mcpu=cortex-m4 -std=gnu11 -g3 -DDEBUG -DUSE_HAL_DRIVER -DSTM32F411xE -c -I../Core/Inc -I../Drivers/STM32F4xx_HAL_Driver/Inc -I../Drivers/STM32F4xx_HAL_Driver/Inc/Legacy -I../Drivers/CMSIS/Device/ST/STM32F4xx/Include -I../Drivers/CMSIS/Include -O0 -ffunction-sections -fdata-sections -Wall -fstack-usage -fcyclomatic-complexity -MMD -MP -MF"Core/Src/usr/J3_tReceiver.d" -MT"Core/Src/usr/J3_tReceiver.o" --specs=nano.specs -mfpu=fpv4-sp-d16 -mfloat-abi=hard -mthumb -o "Core/Src/usr/J3_tReceiver.o"
arm-none-eabi-gcc "../Core/Src/usr/main_J3_Receiver.c" -mcpu=cortex-m4 -std=gnu11 -g3 -DDEBUG -DUSE_HAL_DRIVER -DSTM32F411xE -c -I../Core/Inc -I../Drivers/STM32F4xx_HAL_Driver/Inc -I../Drivers/STM32F4xx_HAL_Driver/Inc/Legacy -I../Drivers/CMSIS/Device/ST/STM32F4xx/Include -I../Drivers/CMSIS/Include -O0 -ffunction-sections -fdata-sections -Wall -fstack-usage -fcyclomatic-complexity -MMD -MP -MF"Core/Src/usr/main_J3_Receiver.d" -MT"Core/Src/usr/main_J3_Receiver.o" --specs=nano.specs -mfpu=fpv4-sp-d16 -mfloat-abi=hard -mthumb -o "Core/Src/usr/main_J3_Receiver.o"
arm-none-eabi-gcc "../Core/Src/usr/tEnconder.c" -mcpu=cortex-m4 -std=gnu11 -g3 -DDEBUG -DUSE_HAL_DRIVER -DSTM32F411xE -c -I../Core/Inc -I../Drivers/STM32F4xx_HAL_Driver/Inc -I../Drivers/STM32F4xx_HAL_Driver/Inc/Legacy -I../Drivers/CMSIS/Device/ST/STM32F4xx/Include -I../Drivers/CMSIS/Include -O0 -ffunction-sections -fdata-sections -Wall -fstack-usage -fcyclomatic-complexity -MMD -MP -MF"Core/Src/usr/tEnconder.d" -MT"Core/Src/usr/tEnconder.o" --specs=nano.specs -mfpu=fpv4-sp-d16 -mfloat-abi=hard -mthumb -o "Core/Src/usr/tEnconder.o"
arm-none-eabi-gcc "../Core/Src/main.c" -mcpu=cortex-m4 -std=gnu11 -g3 -DDEBUG -DUSE_HAL_DRIVER -DSTM32F411xE -c -I../Core/Inc -I../Drivers/STM32F4xx_HAL_Driver/Inc -I../Drivers/STM32F4xx_HAL_Driver/Inc/Legacy -I../Drivers/CMSIS/Device/ST/STM32F4xx/Include -I../Drivers/CMSIS/Include -O0 -ffunction-sections -fdata-sections -Wall -fstack-usage -fcyclomatic-complexity -MMD -MP -MF"Core/Src/main.d" -MT"Core/Src/main.o" --specs=nano.specs -mfpu=fpv4-sp-d16 -mfloat-abi=hard -mthumb -o "Core/Src/main.o"
arm-none-eabi-gcc "../Core/Src/system_stm32f4xx.c" -mcpu=cortex-m4 -std=gnu11 -g3 -DDEBUG -DUSE_HAL_DRIVER -DSTM32F411xE -c -I../Core/Inc -I../Drivers/STM32F4xx_HAL_Driver/Inc -I../Drivers/STM32F4xx_HAL_Driver/Inc/Legacy -I../Drivers/CMSIS/Device/ST/STM32F4xx/Include -I../Drivers/CMSIS/Include -O0 -ffunction-sections -fdata-sections -Wall -fstack-usage -fcyclomatic-complexity -MMD -MP -MF"Core/Src/system_stm32f4xx.d" -MT"Core/Src/system_stm32f4xx.o" --specs=nano.specs -mfpu=fpv4-sp-d16 -mfloat-abi=hard -mthumb -o "Core/Src/system_stm32f4xx.o"
In file included from ../Core/Src/usr/J3_tReceiver.c:9:
../Core/Inc/usr/J3_tReceiver.h:20:3: error: unknown type name 'bool'
   20 |   bool ligado;
      |   ^~~~
../Core/Inc/usr/J3_tReceiver.h:24:3: error: unknown type name 'int8_t'
   24 |   int8_t volume_fl;  /* Front Left       */
      |   ^~~~~~
../Core/Inc/usr/J3_tReceiver.h:25:3: error: unknown type name 'int8_t'
   25 |   int8_t volume_fr;  /* Front Right      */
      |   ^~~~~~
../Core/Inc/usr/J3_tReceiver.h:26:3: error: unknown type name 'int8_t'
   26 |   int8_t volume_fc;  /* Front Center     */
      |   ^~~~~~
../Core/Inc/usr/J3_tReceiver.h:27:3: error: unknown type name 'int8_t'
   27 |   int8_t volume_sl;  /* SoundRound Left  */
      |   ^~~~~~
../Core/Inc/usr/J3_tReceiver.h:28:3: error: unknown type name 'int8_t'
   28 |   int8_t volume_sr;  /* SoundRound Right */
      |   ^~~~~~
../Core/Inc/usr/J3_tReceiver.h:29:3: error: unknown type name 'int8_t'
   29 |   int8_t volume_sw;  /* Subwoofer        */
      |   ^~~~~~
../Core/Inc/usr/J3_tReceiver.h:30:3: error: unknown type name 'int8_t'
   30 |   int8_t volume_master;
      |   ^~~~~~
../Core/Src/usr/J3_tReceiver.c: In function 'j3_receiver_ProxSaida':
../Core/Src/usr/J3_tReceiver.c:20:5: warning: implicit declaration of function 'HAL_GPIO_WritePin' [-Wimplicit-function-declaration]
   20 |     HAL_GPIO_WritePin(BTN_INPUT_GPIO_Port, BTN_INPUT_Pin, GPIO_PIN_RESET);
      |     ^~~~~~~~~~~~~~~~~
../Core/Src/usr/J3_tReceiver.c:20:23: error: 'BTN_INPUT_GPIO_Port' undeclared (first use in this function); did you mean 'BTN_INPUT_PORT'?
   20 |     HAL_GPIO_WritePin(BTN_INPUT_GPIO_Port, BTN_INPUT_Pin, GPIO_PIN_RESET);
      |                       ^~~~~~~~~~~~~~~~~~~
      |                       BTN_INPUT_PORT
../Core/Src/usr/J3_tReceiver.c:20:23: note: each undeclared identifier is reported only once for each function it appears in
../Core/Src/usr/J3_tReceiver.c:20:44: error: 'BTN_INPUT_Pin' undeclared (first use in this function); did you mean 'BTN_INPUT_PORT'?
   20 |     HAL_GPIO_WritePin(BTN_INPUT_GPIO_Port, BTN_INPUT_Pin, GPIO_PIN_RESET);
      |                                            ^~~~~~~~~~~~~
      |                                            BTN_INPUT_PORT
../Core/Src/usr/J3_tReceiver.c:20:59: error: 'GPIO_PIN_RESET' undeclared (first use in this function)
   20 |     HAL_GPIO_WritePin(BTN_INPUT_GPIO_Port, BTN_INPUT_Pin, GPIO_PIN_RESET);
      |                                                           ^~~~~~~~~~~~~~
../Core/Src/usr/J3_tReceiver.c:21:5: warning: implicit declaration of function 'HAL_Delay' [-Wimplicit-function-declaration]
   21 |     HAL_Delay(100);   /* Espera o debounce  */
      |     ^~~~~~~~~
../Core/Src/usr/J3_tReceiver.c:22:59: error: 'GPIO_PIN_SET' undeclared (first use in this function)
   22 |     HAL_GPIO_WritePin(BTN_INPUT_GPIO_Port, BTN_INPUT_Pin, GPIO_PIN_SET);
      |                                                           ^~~~~~~~~~~~
../Core/Src/usr/J3_tReceiver.c:24:22: error: 'receiver_t' has no member named 'audio_saida'; did you mean 'udio_saida'?
   24 |     while(_receiver->audio_saida == j3_receiver_getSaida(_receiver) ){}
      |                      ^~~~~~~~~~~
      |                      udio_saida
../Core/Src/usr/J3_tReceiver.c:25:5: error: '_receiverreceiver' undeclared (first use in this function)
   25 |     _receiverreceiver->audio_saida = j3_receiver_getSaida(_receiver);
      |     ^~~~~~~~~~~~~~~~~
../Core/Src/usr/J3_tReceiver.c: In function 'j3_receiver_setSaida':
../Core/Src/usr/J3_tReceiver.c:42:5: error: too few arguments to function 'j3_receiver_ProxSaida'
   42 |     j3_receiver_ProxSaida();
      |     ^~~~~~~~~~~~~~~~~~~~~
../Core/Src/usr/J3_tReceiver.c:18:6: note: declared here
   18 | void j3_receiver_ProxSaida(receiver_t *_receiver)
      |      ^~~~~~~~~~~~~~~~~~~~~
../Core/Src/usr/J3_tReceiver.c: In function 'j3_receiver_getSaida':
../Core/Src/usr/J3_tReceiver.c:50:7: warning: implicit declaration of function 'HAL_GPIO_ReadPin' [-Wimplicit-function-declaration]
   50 |   if(!HAL_GPIO_ReadPin(ENT_D1_GPIO_Port, ENT_D1_Pin)) /* O pinto em GND é o ATIVO, ou seja se não for 1 então ligado */
      |       ^~~~~~~~~~~~~~~~
../Core/Src/usr/J3_tReceiver.c:50:24: error: 'ENT_D1_GPIO_Port' undeclared (first use in this function)
   50 |   if(!HAL_GPIO_ReadPin(ENT_D1_GPIO_Port, ENT_D1_Pin)) /* O pinto em GND é o ATIVO, ou seja se não for 1 então ligado */
      |                        ^~~~~~~~~~~~~~~~
../Core/Src/usr/J3_tReceiver.c:50:42: error: 'ENT_D1_Pin' undeclared (first use in this function)
   50 |   if(!HAL_GPIO_ReadPin(ENT_D1_GPIO_Port, ENT_D1_Pin)) /* O pinto em GND é o ATIVO, ou seja se não for 1 então ligado */
      |                                          ^~~~~~~~~~
../Core/Src/usr/J3_tReceiver.c:55:30: error: 'ENT_D2_GPIO_Port' undeclared (first use in this function)
   55 |   else if (!HAL_GPIO_ReadPin(ENT_D2_GPIO_Port, ENT_D2_Pin)) /* O pinto em GND é o ATIVO, ou seja se não for 1 então ligado */
      |                              ^~~~~~~~~~~~~~~~
../Core/Src/usr/J3_tReceiver.c:55:48: error: 'ENT_D2_Pin' undeclared (first use in this function)
   55 |   else if (!HAL_GPIO_ReadPin(ENT_D2_GPIO_Port, ENT_D2_Pin)) /* O pinto em GND é o ATIVO, ou seja se não for 1 então ligado */
      |                                                ^~~~~~~~~~
../Core/Src/usr/J3_tReceiver.c:60:30: error: 'ENT_D3_GPIO_Port' undeclared (first use in this function)
   60 |   else if (!HAL_GPIO_ReadPin(ENT_D3_GPIO_Port, ENT_D3_Pin)) /* O pinto em GND é o ATIVO, ou seja se não for 1 então ligado */
      |                              ^~~~~~~~~~~~~~~~
../Core/Src/usr/J3_tReceiver.c:60:48: error: 'ENT_D3_Pin' undeclared (first use in this function)
   60 |   else if (!HAL_GPIO_ReadPin(ENT_D3_GPIO_Port, ENT_D3_Pin)) /* O pinto em GND é o ATIVO, ou seja se não for 1 então ligado */
      |                                                ^~~~~~~~~~
../Core/Src/usr/J3_tReceiver.c: In function 'j3_tReceiver_new':
../Core/Src/usr/J3_tReceiver.c:15:1: warning: control reaches end of non-void function [-Wreturn-type]
   15 | }
      | ^
../Core/Src/usr/J3_tReceiver.c: In function 'j3_receiver_getSaida':
../Core/Src/usr/J3_tReceiver.c:70:1: warning: control reaches end of non-void function [-Wreturn-type]
   70 | }
      | ^
../Core/Src/usr/tEnconder.c:8:1: error: unknown type name 'int16_t'
    8 | int16_t tEnconder_getValor(enconder_t *_encoder)
      | ^~~~~~~
../Core/Src/usr/tEnconder.c:1:1: note: 'int16_t' is defined in header '<stdint.h>'; did you forget to '#include <stdint.h>'?
  +++ |+#include <stdint.h>
    1 | /*
../Core/Src/usr/tEnconder.c:8:28: error: unknown type name 'enconder_t'
    8 | int16_t tEnconder_getValor(enconder_t *_encoder)
      |                            ^~~~~~~~~~
../Core/Src/usr/tEnconder.c:13:25: error: unknown type name 'enconder_t'
   13 | void tEnconder_setValor(enconder_t *_encoder, int16_t _valor)
      |                         ^~~~~~~~~~
../Core/Src/usr/tEnconder.c:13:47: error: unknown type name 'int16_t'
   13 | void tEnconder_setValor(enconder_t *_encoder, int16_t _valor)
      |                                               ^~~~~~~
../Core/Src/usr/tEnconder.c:13:47: note: 'int16_t' is defined in header '<stdint.h>'; did you forget to '#include <stdint.h>'?
make: *** [Core/Src/usr/subdir.mk:25: Core/Src/usr/J3_tReceiver.o] Error 1
make: *** Waiting for unfinished jobs....
make: *** [Core/Src/usr/subdir.mk:25: Core/Src/usr/tEnconder.o] Error 1
In file included from ../Core/Src/usr/main_J3_Receiver.c:9:
../Core/Inc/usr/main_J3_Receiver.h:19:6: error: conflicting types for 'j3_receiver_setSaida'; have 'void(receiver_saida_t)' {aka 'void(enum receiver_saida)'}
   19 | void j3_receiver_setSaida(receiver_saida_t _saida);  /* Seta saida desejada */
      |      ^~~~~~~~~~~~~~~~~~~~
In file included from ../Core/Inc/usr/main_J3_Receiver.h:14,
                 from ../Core/Src/usr/main_J3_Receiver.c:9:
[...]
C:/ST/STM32CubeIDE_1.15.0/STM32CubeIDE/plugins/com.st.stm32cube.ide.mcu.externaltools.gnu-tools-for-stm32.12.3.rel1.win32_1.0.100.202403111256/tools/bin/../lib/gcc/arm-none-eabi/12.3.1/../../../../arm-none-eabi/bin/ld.exe: warning: J3_Receiver.elf has a LOAD segment with RWX permissions
Finished building target: J3_Receiver.elf
 
arm-none-eabi-size  J3_Receiver.elf 
arm-none-eabi-objdump -h -S J3_Receiver.elf  > "J3_Receiver.list"
   text	   data	    bss	    dec	    hex	filename
   9588	    108	   1988	  11684	   2da4	J3_Receiver.elf
arm-none-eabi-objcopy  -O ihex J3_Receiver.elf  "J3_Receiver.hex"
Finished building: default.size.stdout
arm-none-eabi-objcopy  -O binary J3_Receiver.elf  "J3_Receiver.bin"
 
Finished building: J3_Receiver.hex
Finished building: J3_Receiver.bin
Finished building: J3_Receiver.list
 
 
 
00:32:49 **** Incremental Build of configuration Debug for project J3_Receiver ****
make -j8 all 
arm-none-eabi-size  J3_Receiver.elf 
   text	   data	    bss	    dec	    hex	filename
   9588	    108	   1988	  11684	   2da4	J3_Receiver.elf
Finished building: default.size.stdout
 
01:07:19 **** Incremental Build of configuration Debug for project J3_Receiver ****
make -j8 all 
arm-none-eabi-gcc "../Core/Src/usr/main_J3_Receiver.c" -mcpu=cortex-m4 -std=gnu11 -g3 -DDEBUG -DUSE_HAL_DRIVER -DSTM32F411xE -c -I../Core/Inc -I../Drivers/STM32F4xx_HAL_Driver/Inc -I../Drivers/STM32F4xx_HAL_Driver/Inc/Legacy -I../Drivers/CMSIS/Device/ST/STM32F4xx/Include -I../Drivers/CMSIS/Include -O0 -ffunction-sections -fdata-sections -Wall -fstack-usage -fcyclomatic-complexity -MMD -MP -MF"Core/Src/usr/main_J3_Receiver.d" -MT"Core/Src/usr/main_J3_Receiver.o" --specs=nano.specs -mfpu=fpv4-sp-d16 -mfloat-abi=hard -mthumb -o "Core/Src/usr/main_J3_Receiver.o"
../Core/Src/usr/main_J3_Receiver.c: In function 'main_j3_receiver':
../Core/Src/usr/main_J3_Receiver.c:63:11: warning: unused variable 'ch1_vol' [-Wunused-variable]
   63 |   uint8_t ch1_vol = 70;
      |           ^~~~~~~
arm-none-eabi-gcc -o "J3_Receiver.elf" @"objects.list"   -mcpu=cortex-m4 -T"C:\NelsonLima\Projetos\J3_Receiver.git\branch\main\CubeIDE\J3_Receiver\STM32F411CEUX_FLASH.ld" --specs=nosys.specs -Wl,-Map="J3_Receiver.map" -Wl,--gc-sections -static --specs=nano.specs -mfpu=fpv4-sp-d16 -mfloat-abi=hard -mthumb -Wl,--start-group -lc -lm -Wl,--end-group
C:/ST/STM32CubeIDE_1.15.0/STM32CubeIDE/plugins/com.st.stm32cube.ide.mcu.externaltools.gnu-tools-for-stm32.12.3.rel1.win32_1.0.100.202403111256/tools/bin/../lib/gcc/arm-none-eabi/12.3.1/../../../../arm-none-eabi/bin/ld.exe: warning: J3_Receiver.elf has a LOAD segment with RWX permissions
Finished building target: J3_Receiver.elf
 
arm-none-eabi-size  J3_Receiver.elf 
arm-none-eabi-objdump -h -S J3_Receiver.elf  > "J3_Receiver.list"
   text	   data	    bss	    dec	    hex	filename
   9548	    108	   1988	  11644	   2d7c	J3_Receiver.elf
arm-none-eabi-objcopy  -O ihex J3_Receiver.elf  "J3_Receiver.hex"
Finished building: default.size.stdout
arm-none-eabi-objcopy  -O binary J3_Receiver.elf  "J3_Receiver.bin"
 
Finished building: J3_Receiver.hex
Finished building: J3_Receiver.bin
 
Finished building: J3_Receiver.list
 
 
01:09:22 **** Incremental Build of configuration Debug for project J3_Receiver ****
make -j8 all 
arm-none-eabi-gcc "../Core/Src/usr/main_J3_Receiver.c" -mcpu=cortex-m4 -std=gnu11 -g3 -DDEBUG -DUSE_HAL_DRIVER -DSTM32F411xE -c -I../Core/Inc -I../Drivers/STM32F4xx_HAL_Driver/Inc -I../Drivers/STM32F4xx_HAL_Driver/Inc/Legacy -I../Drivers/CMSIS/Device/ST/STM32F4xx/Include -I../Drivers/CMSIS/Include -O0 -ffunction-sections -fdata-sections -Wall -fstack-usage -fcyclomatic-complexity -MMD -MP -MF"Core/Src/usr/main_J3_Receiver.d" -MT"Core/Src/usr/main_J3_Receiver.o" --specs=nano.specs -mfpu=fpv4-sp-d16 -mfloat-abi=hard -mthumb -o "Core/Src/usr/main_J3_Receiver.o"
../Core/Src/usr/main_J3_Receiver.c: In function 'main_j3_receiver':
../Core/Src/usr/main_J3_Receiver.c:63:11: warning: unused variable 'ch1_vol' [-Wunused-variable]
   63 |   uint8_t ch1_vol = 70;
      |           ^~~~~~~
arm-none-eabi-gcc -o "J3_Receiver.elf" @"objects.list"   -mcpu=cortex-m4 -T"C:\NelsonLima\Projetos\J3_Receiver.git\branch\main\CubeIDE\J3_Receiver\STM32F411CEUX_FLASH.ld" --specs=nosys.specs -Wl,-Map="J3_Receiver.map" -Wl,--gc-sections -static --specs=nano.specs -mfpu=fpv4-sp-d16 -mfloat-abi=hard -mthumb -Wl,--start-group -lc -lm -Wl,--end-group
C:/ST/STM32CubeIDE_1.15.0/STM32CubeIDE/plugins/com.st.stm32cube.ide.mcu.externaltools.gnu-tools-for-stm32.12.3.rel1.win32_1.0.100.202403111256/tools/bin/../lib/gcc/arm-none-eabi/12.3.1/../../../../arm-none-eabi/bin/ld.exe: warning: J3_Receiver.elf has a LOAD segment with RWX permissions
Finished building target: J3_Receiver.elf
 
arm-none-eabi-size  J3_Receiver.elf 
arm-none-eabi-objdump -h -S J3_Receiver.elf  > "J3_Receiver.list"
   text	   data	    bss	    dec	    hex	filename
   9556	    108	   1988	  11652	   2d84	J3_Receiver.elf
arm-none-eabi-objcopy  -O ihex J3_Receiver.elf  "J3_Receiver.hex"
Finished building: default.size.stdout
arm-none-eabi-objcopy  -O binary J3_Receiver.elf  "J3_Receiver.bin"
 
Finished building: J3_Receiver.hex
 
Finished building: J3_Receiver.bin
Finished building: J3_Receiver.list
 
 
01:12:24 **** Incremental Build of configuration Debug for project J3_Receiver ****
make -j8 all 
arm-none-eabi-gcc "../Core/Src/usr/main_J3_Receiver.c" -mcpu=cortex-m4 -std=gnu11 -g3 -DDEBUG -DUSE_HAL_DRIVER -DSTM32F411xE -c -I../Core/Inc -I../Drivers/STM32F4xx_HAL_Driver/Inc -I../Drivers/STM32F4xx_HAL_Driver/Inc/Legacy -I../Drivers/CMSIS/Device/ST/STM32F4xx/Include -I../Drivers/CMSIS/Include -O0 -ffunction-sections -fdata-sections -Wall -fstack-usage -fcyclomatic-complexity -MMD -MP -MF"Core/Src/usr/main_J3_Receiver.d" -MT"Core/Src/usr/main_J3_Receiver.o" --specs=nano.specs -mfpu=fpv4-sp-d16 -mfloat-abi=hard -mthumb -o "Core/Src/usr/main_J3_Receiver.o"
../Core/Src/usr/main_J3_Receiver.c: In function 'main_j3_receiver':
../Core/Src/usr/main_J3_Receiver.c:63:11: warning: unused variable 'ch1_vol' [-Wunused-variable]
   63 |   uint8_t ch1_vol = 70;
      |           ^~~~~~~
arm-none-eabi-gcc -o "J3_Receiver.elf" @"objects.list"   -mcpu=cortex-m4 -T"C:\NelsonLima\Projetos\J3_Receiver.git\branch\main\CubeIDE\J3_Receiver\STM32F411CEUX_FLASH.ld" --specs=nosys.specs -Wl,-Map="J3_Receiver.map" -Wl,--gc-sections -static --specs=nano.specs -mfpu=fpv4-sp-d16 -mfloat-abi=hard -mthumb -Wl,--start-group -lc -lm -Wl,--end-group
C:/ST/STM32CubeIDE_1.15.0/STM32CubeIDE/plugins/com.st.stm32cube.ide.mcu.externaltools.gnu-tools-for-stm32.12.3.rel1.win32_1.0.100.202403111256/tools/bin/../lib/gcc/arm-none-eabi/12.3.1/../../../../arm-none-eabi/bin/ld.exe: warning: J3_Receiver.elf has a LOAD segment with RWX permissions
Finished building target: J3_Receiver.elf
 
arm-none-eabi-size  J3_Receiver.elf 
arm-none-eabi-objdump -h -S J3_Receiver.elf  > "J3_Receiver.list"
   text	   data	    bss	    dec	    hex	filename
   9608	    108	   1988	  11704	   2db8	J3_Receiver.elf
arm-none-eabi-objcopy  -O ihex J3_Receiver.elf  "J3_Receiver.hex"
Finished building: default.size.stdout
arm-none-eabi-objcopy  -O binary J3_Receiver.elf  "J3_Receiver.bin"
 
Finished building: J3_Receiver.hex
 
Finished building: J3_Receiver.list
Finished building: J3_Receiver.bin
 
 
01:13:54 **** Incremental Build of configuration Debug for project J3_Receiver ****
make -j8 all 
arm-none-eabi-gcc "../Core/Src/usr/main_J3_Receiver.c" -mcpu=cortex-m4 -std=gnu11 -g3 -DDEBUG -DUSE_HAL_DRIVER -DSTM32F411xE -c -I../Core/Inc -I../Drivers/STM32F4xx_HAL_Driver/Inc -I../Drivers/STM32F4xx_HAL_Driver/Inc/Legacy -I../Drivers/CMSIS/Device/ST/STM32F4xx/Include -I../Drivers/CMSIS/Include -O0 -ffunction-sections -fdata-sections -Wall -fstack-usage -fcyclomatic-complexity -MMD -MP -MF"Core/Src/usr/main_J3_Receiver.d" -MT"Core/Src/usr/main_J3_Receiver.o" --specs=nano.specs -mfpu=fpv4-sp-d16 -mfloat-abi=hard -mthumb -o "Core/Src/usr/main_J3_Receiver.o"
../Core/Src/usr/main_J3_Receiver.c: In function 'main_j3_receiver':
../Core/Src/usr/main_J3_Receiver.c:63:11: warning: unused variable 'ch1_vol' [-Wunused-variable]
   63 |   uint8_t ch1_vol = 70;
      |           ^~~~~~~
arm-none-eabi-gcc -o "J3_Receiver.elf" @"objects.list"   -mcpu=cortex-m4 -T"C:\NelsonLima\Projetos\J3_Receiver.git\branch\main\CubeIDE\J3_Receiver\STM32F411CEUX_FLASH.ld" --specs=nosys.specs -Wl,-Map="J3_Receiver.map" -Wl,--gc-sections -static --specs=nano.specs -mfpu=fpv4-sp-d16 -mfloat-abi=hard -mthumb -Wl,--start-group -lc -lm -Wl,--end-group
C:/ST/STM32CubeIDE_1.15.0/STM32CubeIDE/plugins/com.st.stm32cube.ide.mcu.externaltools.gnu-tools-for-stm32.12.3.rel1.win32_1.0.100.202403111256/tools/bin/../lib/gcc/arm-none-eabi/12.3.1/../../../../arm-none-eabi/bin/ld.exe: warning: J3_Receiver.elf has a LOAD segment with RWX permissions
Finished building target: J3_Receiver.elf
 
arm-none-eabi-size  J3_Receiver.elf 
arm-none-eabi-objdump -h -S J3_Receiver.elf  > "J3_Receiver.list"
   text	   data	    bss	    dec	    hex	filename
   9608	    108	   1988	  11704	   2db8	J3_Receiver.elf
arm-none-eabi-objcopy  -O ihex J3_Receiver.elf  "J3_Receiver.hex"
Finished building: default.size.stdout
arm-none-eabi-objcopy  -O binary J3_Receiver.elf  "J3_Receiver.bin"
 
Finished building: J3_Receiver.hex
 
Finished building: J3_Receiver.bin
Finished building: J3_Receiver.list
 
 
01:14:42 **** Incremental Build of configuration Debug for project J3_Receiver ****
make -j8 all 
arm-none-eabi-gcc "../Core/Src/usr/main_J3_Receiver.c" -mcpu=cortex-m4 -std=gnu11 -g3 -DDEBUG -DUSE_HAL_DRIVER -DSTM32F411xE -c -I../Core/Inc -I../Drivers/STM32F4xx_HAL_Driver/Inc -I../Drivers/STM32F4xx_HAL_Driver/Inc/Legacy -I../Drivers/CMSIS/Device/ST/STM32F4xx/Include -I../Drivers/CMSIS/Include -O0 -ffunction-sections -fdata-sections -Wall -fstack-usage -fcyclomatic-complexity -MMD -MP -MF"Core/Src/usr/main_J3_Receiver.d" -MT"Core/Src/usr/main_J3_Receiver.o" --specs=nano.specs -mfpu=fpv4-sp-d16 -mfloat-abi=hard -mthumb -o "Core/Src/usr/main_J3_Receiver.o"
../Core/Src/usr/main_J3_Receiver.c: In function 'main_j3_receiver':
../Core/Src/usr/main_J3_Receiver.c:63:11: warning: unused variable 'ch1_vol' [-Wunused-variable]
   63 |   uint8_t ch1_vol = 70;
      |           ^~~~~~~
arm-none-eabi-gcc -o "J3_Receiver.elf" @"objects.list"   -mcpu=cortex-m4 -T"C:\NelsonLima\Projetos\J3_Receiver.git\branch\main\CubeIDE\J3_Receiver\STM32F411CEUX_FLASH.ld" --specs=nosys.specs -Wl,-Map="J3_Receiver.map" -Wl,--gc-sections -static --specs=nano.specs -mfpu=fpv4-sp-d16 -mfloat-abi=hard -mthumb -Wl,--start-group -lc -lm -Wl,--end-group
C:/ST/STM32CubeIDE_1.15.0/STM32CubeIDE/plugins/com.st.stm32cube.ide.mcu.externaltools.gnu-tools-for-stm32.12.3.rel1.win32_1.0.100.202403111256/tools/bin/../lib/gcc/arm-none-eabi/12.3.1/../../../../arm-none-eabi/bin/ld.exe: warning: J3_Receiver.elf has a LOAD segment with RWX permissions
Finished building target: J3_Receiver.elf
 
arm-none-eabi-size  J3_Receiver.elf 
arm-none-eabi-objdump -h -S J3_Receiver.elf  > "J3_Receiver.list"
   text	   data	    bss	    dec	    hex	filename
   9608	    108	   1988	  11704	   2db8	J3_Receiver.elf
arm-none-eabi-objcopy  -O ihex J3_Receiver.elf  "J3_Receiver.hex"
Finished building: default.size.stdout
arm-none-eabi-objcopy  -O binary J3_Receiver.elf  "J3_Receiver.bin"
 
Finished building: J3_Receiver.hex
 
Finished building: J3_Receiver.list
Finished building: J3_Receiver.bin
 
 
01:15:51 **** Incremental Build of configuration Debug for project J3_Receiver ****
make -j8 all 
arm-none-eabi-gcc "../Core/Src/usr/main_J3_Receiver.c" -mcpu=cortex-m4 -std=gnu11 -g3 -DDEBUG -DUSE_HAL_DRIVER -DSTM32F411xE -c -I../Core/Inc -I../Drivers/STM32F4xx_HAL_Driver/Inc -I../Drivers/STM32F4xx_HAL_Driver/Inc/Legacy -I../Drivers/CMSIS/Device/ST/STM32F4xx/Include -I../Drivers/CMSIS/Include -O0 -ffunction-sections -fdata-sections -Wall -fstack-usage -fcyclomatic-complexity -MMD -MP -MF"Core/Src/usr/main_J3_Receiver.d" -MT"Core/Src/usr/main_J3_Receiver.o" --specs=nano.specs -mfpu=fpv4-sp-d16 -mfloat-abi=hard -mthumb -o "Core/Src/usr/main_J3_Receiver.o"
../Core/Src/usr/main_J3_Receiver.c: In function 'main_j3_receiver':
../Core/Src/usr/main_J3_Receiver.c:63:11: warning: unused variable 'ch1_vol' [-Wunused-variable]
   63 |   uint8_t ch1_vol = 70;
      |           ^~~~~~~
arm-none-eabi-gcc -o "J3_Receiver.elf" @"objects.list"   -mcpu=cortex-m4 -T"C:\NelsonLima\Projetos\J3_Receiver.git\branch\main\CubeIDE\J3_Receiver\STM32F411CEUX_FLASH.ld" --specs=nosys.specs -Wl,-Map="J3_Receiver.map" -Wl,--gc-sections -static --specs=nano.specs -mfpu=fpv4-sp-d16 -mfloat-abi=hard -mthumb -Wl,--start-group -lc -lm -Wl,--end-group
C:/ST/STM32CubeIDE_1.15.0/STM32CubeIDE/plugins/com.st.stm32cube.ide.mcu.externaltools.gnu-tools-for-stm32.12.3.rel1.win32_1.0.100.202403111256/tools/bin/../lib/gcc/arm-none-eabi/12.3.1/../../../../arm-none-eabi/bin/ld.exe: warning: J3_Receiver.elf has a LOAD segment with RWX permissions
Finished building target: J3_Receiver.elf
 
arm-none-eabi-size  J3_Receiver.elf 
arm-none-eabi-objdump -h -S J3_Receiver.elf  > "J3_Receiver.list"
   text	   data	    bss	    dec	    hex	filename
   9608	    108	   1988	  11704	   2db8	J3_Receiver.elf
arm-none-eabi-objcopy  -O ihex J3_Receiver.elf  "J3_Receiver.hex"
Finished building: default.size.stdout
arm-none-eabi-objcopy  -O binary J3_Receiver.elf  "J3_Receiver.bin"
 
Finished building: J3_Receiver.hex
 
Finished building: J3_Receiver.bin
Finished building: J3_Receiver.list
 
 
01:16:27 **** Incremental Build of configuration Debug for project J3_Receiver ****
make -j8 all 
arm-none-eabi-gcc "../Core/Src/usr/main_J3_Receiver.c" -mcpu=cortex-m4 -std=gnu11 -g3 -DDEBUG -DUSE_HAL_DRIVER -DSTM32F411xE -c -I../Core/Inc -I../Drivers/STM32F4xx_HAL_Driver/Inc -I../Drivers/STM32F4xx_HAL_Driver/Inc/Legacy -I../Drivers/CMSIS/Device/ST/STM32F4xx/Include -I../Drivers/CMSIS/Include -O0 -ffunction-sections -fdata-sections -Wall -fstack-usage -fcyclomatic-complexity -MMD -MP -MF"Core/Src/usr/main_J3_Receiver.d" -MT"Core/Src/usr/main_J3_Receiver.o" --specs=nano.specs -mfpu=fpv4-sp-d16 -mfloat-abi=hard -mthumb -o "Core/Src/usr/main_J3_Receiver.o"
../Core/Src/usr/main_J3_Receiver.c: In function 'main_j3_receiver':
../Core/Src/usr/main_J3_Receiver.c:63:11: warning: unused variable 'ch1_vol' [-Wunused-variable]
   63 |   uint8_t ch1_vol = 70;
      |           ^~~~~~~
arm-none-eabi-gcc -o "J3_Receiver.elf" @"objects.list"   -mcpu=cortex-m4 -T"C:\NelsonLima\Projetos\J3_Receiver.git\branch\main\CubeIDE\J3_Receiver\STM32F411CEUX_FLASH.ld" --specs=nosys.specs -Wl,-Map="J3_Receiver.map" -Wl,--gc-sections -static --specs=nano.specs -mfpu=fpv4-sp-d16 -mfloat-abi=hard -mthumb -Wl,--start-group -lc -lm -Wl,--end-group
C:/ST/STM32CubeIDE_1.15.0/STM32CubeIDE/plugins/com.st.stm32cube.ide.mcu.externaltools.gnu-tools-for-stm32.12.3.rel1.win32_1.0.100.202403111256/tools/bin/../lib/gcc/arm-none-eabi/12.3.1/../../../../arm-none-eabi/bin/ld.exe: warning: J3_Receiver.elf has a LOAD segment with RWX permissions
Finished building target: J3_Receiver.elf
 
arm-none-eabi-size  J3_Receiver.elf 
arm-none-eabi-objdump -h -S J3_Receiver.elf  > "J3_Receiver.list"
   text	   data	    bss	    dec	    hex	filename
   9608	    108	   1988	  11704	   2db8	J3_Receiver.elf
arm-none-eabi-objcopy  -O ihex J3_Receiver.elf  "J3_Receiver.hex"
Finished building: default.size.stdout
arm-none-eabi-objcopy  -O binary J3_Receiver.elf  "J3_Receiver.bin"
 
Finished building: J3_Receiver.hex
 
Finished building: J3_Receiver.bin
Finished building: J3_Receiver.list
 
 
01:17:07 **** Incremental Build of configuration Debug for project J3_Receiver ****
make -j8 all 
arm-none-eabi-gcc "../Core/Src/usr/main_J3_Receiver.c" -mcpu=cortex-m4 -std=gnu11 -g3 -DDEBUG -DUSE_HAL_DRIVER -DSTM32F411xE -c -I../Core/Inc -I../Drivers/STM32F4xx_HAL_Driver/Inc -I../Drivers/STM32F4xx_HAL_Driver/Inc/Legacy -I../Drivers/CMSIS/Device/ST/STM32F4xx/Include -I../Drivers/CMSIS/Include -O0 -ffunction-sections -fdata-sections -Wall -fstack-usage -fcyclomatic-complexity -MMD -MP -MF"Core/Src/usr/main_J3_Receiver.d" -MT"Core/Src/usr/main_J3_Receiver.o" --specs=nano.specs -mfpu=fpv4-sp-d16 -mfloat-abi=hard -mthumb -o "Core/Src/usr/main_J3_Receiver.o"
../Core/Src/usr/main_J3_Receiver.c: In function 'main_j3_receiver':
../Core/Src/usr/main_J3_Receiver.c:63:11: warning: unused variable 'ch1_vol' [-Wunused-variable]
   63 |   uint8_t ch1_vol = 70;
      |           ^~~~~~~
arm-none-eabi-gcc -o "J3_Receiver.elf" @"objects.list"   -mcpu=cortex-m4 -T"C:\NelsonLima\Projetos\J3_Receiver.git\branch\main\CubeIDE\J3_Receiver\STM32F411CEUX_FLASH.ld" --specs=nosys.specs -Wl,-Map="J3_Receiver.map" -Wl,--gc-sections -static --specs=nano.specs -mfpu=fpv4-sp-d16 -mfloat-abi=hard -mthumb -Wl,--start-group -lc -lm -Wl,--end-group
C:/ST/STM32CubeIDE_1.15.0/STM32CubeIDE/plugins/com.st.stm32cube.ide.mcu.externaltools.gnu-tools-for-stm32.12.3.rel1.win32_1.0.100.202403111256/tools/bin/../lib/gcc/arm-none-eabi/12.3.1/../../../../arm-none-eabi/bin/ld.exe: warning: J3_Receiver.elf has a LOAD segment with RWX permissions
Finished building target: J3_Receiver.elf
 
arm-none-eabi-size  J3_Receiver.elf 
arm-none-eabi-objdump -h -S J3_Receiver.elf  > "J3_Receiver.list"
   text	   data	    bss	    dec	    hex	filename
   9608	    108	   1988	  11704	   2db8	J3_Receiver.elf
arm-none-eabi-objcopy  -O ihex J3_Receiver.elf  "J3_Receiver.hex"
Finished building: default.size.stdout
arm-none-eabi-objcopy  -O binary J3_Receiver.elf  "J3_Receiver.bin"
 
Finished building: J3_Receiver.hex
 
Finished building: J3_Receiver.bin
Finished building: J3_Receiver.list
 
 
01:22:47 **** Incremental Build of configuration Debug for project J3_Receiver ****
make -j8 all 
arm-none-eabi-gcc "../Core/Src/usr/main_J3_Receiver.c" -mcpu=cortex-m4 -std=gnu11 -g3 -DDEBUG -DUSE_HAL_DRIVER -DSTM32F411xE -c -I../Core/Inc -I../Drivers/STM32F4xx_HAL_Driver/Inc -I../Drivers/STM32F4xx_HAL_Driver/Inc/Legacy -I../Drivers/CMSIS/Device/ST/STM32F4xx/Include -I../Drivers/CMSIS/Include -O0 -ffunction-sections -fdata-sections -Wall -fstack-usage -fcyclomatic-complexity -MMD -MP -MF"Core/Src/usr/main_J3_Receiver.d" -MT"Core/Src/usr/main_J3_Receiver.o" --specs=nano.specs -mfpu=fpv4-sp-d16 -mfloat-abi=hard -mthumb -o "Core/Src/usr/main_J3_Receiver.o"
../Core/Src/usr/main_J3_Receiver.c: In function 'main_j3_receiver':
../Core/Src/usr/main_J3_Receiver.c:63:11: warning: unused variable 'ch1_vol' [-Wunused-variable]
   63 |   uint8_t ch1_vol = 70;
      |           ^~~~~~~
arm-none-eabi-gcc -o "J3_Receiver.elf" @"objects.list"   -mcpu=cortex-m4 -T"C:\NelsonLima\Projetos\J3_Receiver.git\branch\main\CubeIDE\J3_Receiver\STM32F411CEUX_FLASH.ld" --specs=nosys.specs -Wl,-Map="J3_Receiver.map" -Wl,--gc-sections -static --specs=nano.specs -mfpu=fpv4-sp-d16 -mfloat-abi=hard -mthumb -Wl,--start-group -lc -lm -Wl,--end-group
C:/ST/STM32CubeIDE_1.15.0/STM32CubeIDE/plugins/com.st.stm32cube.ide.mcu.externaltools.gnu-tools-for-stm32.12.3.rel1.win32_1.0.100.202403111256/tools/bin/../lib/gcc/arm-none-eabi/12.3.1/../../../../arm-none-eabi/bin/ld.exe: warning: J3_Receiver.elf has a LOAD segment with RWX permissions
Finished building target: J3_Receiver.elf
 
arm-none-eabi-size  J3_Receiver.elf 
arm-none-eabi-objdump -h -S J3_Receiver.elf  > "J3_Receiver.list"
   text	   data	    bss	    dec	    hex	filename
   9648	    108	   1988	  11744	   2de0	J3_Receiver.elf
arm-none-eabi-objcopy  -O ihex J3_Receiver.elf  "J3_Receiver.hex"
Finished building: default.size.stdout
arm-none-eabi-objcopy  -O binary J3_Receiver.elf  "J3_Receiver.bin"
 
Finished building: J3_Receiver.hex
Finished building: J3_Receiver.list
 
Finished building: J3_Receiver.bin
 
 
21:48:30 **** Build of configuration Debug for project J3_Receiver ****
make -j8 all 
arm-none-eabi-size  J3_Receiver.elf 
   text	   data	    bss	    dec	    hex	filename
   9648	    108	   1988	  11744	   2de0	J3_Receiver.elf
Finished building: default.size.stdout
 
